Component: ARM Compiler 5.05 update 1 (build 106) Tool: armlink [4d0efa]

==============================================================================

Section Cross References

    startup_stm32f427xx.o(RESET) refers to startup_stm32f427xx.o(STACK) for __initial_sp
    startup_stm32f427xx.o(RESET) refers to startup_stm32f427xx.o(.text) for Reset_Handler
    startup_stm32f427xx.o(RESET) refers to stm32f4xx_it.o(i.NMI_Handler) for NMI_Handler
    startup_stm32f427xx.o(RESET) refers to stm32f4xx_it.o(i.HardFault_Handler) for HardFault_Handler
    startup_stm32f427xx.o(RESET) refers to stm32f4xx_it.o(i.MemManage_Handler) for MemManage_Handler
    startup_stm32f427xx.o(RESET) refers to stm32f4xx_it.o(i.BusFault_Handler) for BusFault_Handler
    startup_stm32f427xx.o(RESET) refers to stm32f4xx_it.o(i.UsageFault_Handler) for UsageFault_Handler
    startup_stm32f427xx.o(RESET) refers to port.o(.emb_text) for SVC_Handler
    startup_stm32f427xx.o(RESET) refers to stm32f4xx_it.o(i.DebugMon_Handler) for DebugMon_Handler
    startup_stm32f427xx.o(RESET) refers to port.o(i.SysTick_Handler) for SysTick_Handler
    startup_stm32f427xx.o(RESET) refers to stm32f4xx_it.o(i.DMA1_Stream5_IRQHandler) for DMA1_Stream5_IRQHandler
    startup_stm32f427xx.o(RESET) refers to stm32f4xx_it.o(i.DMA1_Stream6_IRQHandler) for DMA1_Stream6_IRQHandler
    startup_stm32f427xx.o(RESET) refers to stm32f4xx_it.o(i.CAN1_RX0_IRQHandler) for CAN1_RX0_IRQHandler
    startup_stm32f427xx.o(RESET) refers to stm32f4xx_it.o(i.TIM1_UP_TIM10_IRQHandler) for TIM1_UP_TIM10_IRQHandler
    startup_stm32f427xx.o(RESET) refers to stm32f4xx_it.o(i.USART1_IRQHandler) for USART1_IRQHandler
    startup_stm32f427xx.o(RESET) refers to stm32f4xx_it.o(i.USART2_IRQHandler) for USART2_IRQHandler
    startup_stm32f427xx.o(RESET) refers to stm32f4xx_it.o(i.DMA2_Stream2_IRQHandler) for DMA2_Stream2_IRQHandler
    startup_stm32f427xx.o(.text) refers to system_stm32f4xx.o(i.SystemInit) for SystemInit
    startup_stm32f427xx.o(.text) refers to entry.o(.ARM.Collect$$$$00000000) for __main
    bsp_can.o(i.can_filter_init) refers to stm32f4xx_hal_can.o(i.HAL_CAN_ConfigFilter) for HAL_CAN_ConfigFilter
    bsp_can.o(i.can_filter_init) refers to stm32f4xx_hal_can.o(i.HAL_CAN_Start) for HAL_CAN_Start
    bsp_can.o(i.can_filter_init) refers to stm32f4xx_hal_can.o(i.HAL_CAN_ActivateNotification) for HAL_CAN_ActivateNotification
    bsp_can.o(i.can_filter_init) refers to can.o(.bss) for hcan1
    cjson.o(i.add_item_to_object) refers to cjson.o(i.cJSON_strdup) for cJSON_strdup
    cjson.o(i.add_item_to_object) refers to cjson.o(i.add_item_to_array) for add_item_to_array
    cjson.o(i.cJSON_AddArrayToObject) refers to cjson.o(i.cJSON_CreateArray) for cJSON_CreateArray
    cjson.o(i.cJSON_AddArrayToObject) refers to cjson.o(i.add_item_to_object) for add_item_to_object
    cjson.o(i.cJSON_AddArrayToObject) refers to cjson.o(i.cJSON_Delete) for cJSON_Delete
    cjson.o(i.cJSON_AddArrayToObject) refers to cjson.o(.data) for .data
    cjson.o(i.cJSON_AddBoolToObject) refers to cjson.o(i.cJSON_CreateBool) for cJSON_CreateBool
    cjson.o(i.cJSON_AddBoolToObject) refers to cjson.o(i.add_item_to_object) for add_item_to_object
    cjson.o(i.cJSON_AddBoolToObject) refers to cjson.o(i.cJSON_Delete) for cJSON_Delete
    cjson.o(i.cJSON_AddBoolToObject) refers to cjson.o(.data) for .data
    cjson.o(i.cJSON_AddFalseToObject) refers to cjson.o(i.cJSON_CreateFalse) for cJSON_CreateFalse
    cjson.o(i.cJSON_AddFalseToObject) refers to cjson.o(i.add_item_to_object) for add_item_to_object
    cjson.o(i.cJSON_AddFalseToObject) refers to cjson.o(i.cJSON_Delete) for cJSON_Delete
    cjson.o(i.cJSON_AddFalseToObject) refers to cjson.o(.data) for .data
    cjson.o(i.cJSON_AddItemReferenceToArray) refers to cjson.o(i.create_reference) for create_reference
    cjson.o(i.cJSON_AddItemReferenceToArray) refers to cjson.o(i.add_item_to_array) for add_item_to_array
    cjson.o(i.cJSON_AddItemReferenceToArray) refers to cjson.o(.data) for .data
    cjson.o(i.cJSON_AddItemReferenceToObject) refers to cjson.o(i.create_reference) for create_reference
    cjson.o(i.cJSON_AddItemReferenceToObject) refers to cjson.o(i.add_item_to_object) for add_item_to_object
    cjson.o(i.cJSON_AddItemReferenceToObject) refers to cjson.o(.data) for .data
    cjson.o(i.cJSON_AddItemToArray) refers to cjson.o(i.add_item_to_array) for add_item_to_array
    cjson.o(i.cJSON_AddItemToObject) refers to cjson.o(i.add_item_to_object) for add_item_to_object
    cjson.o(i.cJSON_AddItemToObject) refers to cjson.o(.data) for .data
    cjson.o(i.cJSON_AddItemToObjectCS) refers to cjson.o(i.add_item_to_object) for add_item_to_object
    cjson.o(i.cJSON_AddItemToObjectCS) refers to cjson.o(.data) for .data
    cjson.o(i.cJSON_AddNullToObject) refers to cjson.o(i.cJSON_CreateNull) for cJSON_CreateNull
[...]
    DMA_CalcBaseAndBitshift                  0x08000889   Thumb Code    34  stm32f4xx_hal_dma.o(i.DMA_CalcBaseAndBitshift)
    i.DMA_CheckFifoParam                     0x080008b0   Section        0  stm32f4xx_hal_dma.o(i.DMA_CheckFifoParam)
    DMA_CheckFifoParam                       0x080008b1   Thumb Code    84  stm32f4xx_hal_dma.o(i.DMA_CheckFifoParam)
    i.DebugMon_Handler                       0x08000904   Section        0  stm32f4xx_it.o(i.DebugMon_Handler)
    i.Error_Handler                          0x08000906   Section        0  main.o(i.Error_Handler)
    i.HAL_CAN_ActivateNotification           0x08000908   Section        0  stm32f4xx_hal_can.o(i.HAL_CAN_ActivateNotification)
    i.HAL_CAN_ConfigFilter                   0x0800092c   Section        0  stm32f4xx_hal_can.o(i.HAL_CAN_ConfigFilter)
    i.HAL_CAN_ErrorCallback                  0x08000a38   Section        0  stm32f4xx_hal_can.o(i.HAL_CAN_ErrorCallback)
    i.HAL_CAN_GetRxMessage                   0x08000a3a   Section        0  stm32f4xx_hal_can.o(i.HAL_CAN_GetRxMessage)
    i.HAL_CAN_IRQHandler                     0x08000b22   Section        0  stm32f4xx_hal_can.o(i.HAL_CAN_IRQHandler)
    i.HAL_CAN_Init                           0x08000d1e   Section        0  stm32f4xx_hal_can.o(i.HAL_CAN_Init)
    i.HAL_CAN_MspInit                        0x08000e38   Section        0  can.o(i.HAL_CAN_MspInit)
    i.HAL_CAN_RxFifo0FullCallback            0x08000f28   Section        0  stm32f4xx_hal_can.o(i.HAL_CAN_RxFifo0FullCallback)
    i.HAL_CAN_RxFifo0MsgPendingCallback      0x08000f2c   Section        0  can_receive.o(i.HAL_CAN_RxFifo0MsgPendingCallback)
    i.HAL_CAN_RxFifo1FullCallback            0x08000f88   Section        0  stm32f4xx_hal_can.o(i.HAL_CAN_RxFifo1FullCallback)
    i.HAL_CAN_RxFifo1MsgPendingCallback      0x08000f8a   Section        0  stm32f4xx_hal_can.o(i.HAL_CAN_RxFifo1MsgPendingCallback)
    i.HAL_CAN_SleepCallback                  0x08000f8c   Section        0  stm32f4xx_hal_can.o(i.HAL_CAN_SleepCallback)
    i.HAL_CAN_Start                          0x08000f90   Section        0  stm32f4xx_hal_can.o(i.HAL_CAN_Start)
    i.HAL_CAN_TxMailbox0AbortCallback        0x08000fe8   Section        0  stm32f4xx_hal_can.o(i.HAL_CAN_TxMailbox0AbortCallback)
    i.HAL_CAN_TxMailbox0CompleteCallback     0x08000fea   Section        0  stm32f4xx_hal_can.o(i.HAL_CAN_TxMailbox0CompleteCallback)
    i.HAL_CAN_TxMailbox1AbortCallback        0x08000fec   Section        0  stm32f4xx_hal_can.o(i.HAL_CAN_TxMailbox1AbortCallback)
    i.HAL_CAN_TxMailbox1CompleteCallback     0x08000fee   Section        0  stm32f4xx_hal_can.o(i.HAL_CAN_TxMailbox1CompleteCallback)
    i.HAL_CAN_TxMailbox2AbortCallback        0x08000ff0   Section        0  stm32f4xx_hal_can.o(i.HAL_CAN_TxMailbox2AbortCallback)
    i.HAL_CAN_TxMailbox2CompleteCallback     0x08000ff2   Section        0  stm32f4xx_hal_can.o(i.HAL_CAN_TxMailbox2CompleteCallback)
    i.HAL_CAN_WakeUpFromRxMsgCallback        0x08000ff4   Section        0  stm32f4xx_hal_can.o(i.HAL_CAN_WakeUpFromRxMsgCallback)
    i.HAL_DMA_Abort                          0x08000ff6   Section        0  stm32f4xx_hal_dma.o(i.HAL_DMA_Abort)
    i.HAL_DMA_Abort_IT                       0x08001084   Section        0  stm32f4xx_hal_dma.o(i.HAL_DMA_Abort_IT)
    i.HAL_DMA_IRQHandler                     0x080010a8   Section        0  stm32f4xx_hal_dma.o(i.HAL_DMA_IRQHandler)
    i.HAL_DMA_Init                           0x08001248   Section        0  stm32f4xx_hal_dma.o(i.HAL_DMA_Init)
    i.HAL_GPIO_Init                          0x0800131c   Section        0  stm32f4xx_hal_gpio.o(i.HAL_GPIO_Init)
    i.HAL_GPIO_TogglePin                     0x0800154c   Section        0  stm32f4xx_hal_gpio.o(i.HAL_GPIO_TogglePin)
    i.HAL_GPIO_WritePin                      0x0800155c   Section        0  stm32f4xx_hal_gpio.o(i.HAL_GPIO_WritePin)
    i.HAL_GetTick                            0x08001568   Section        0  stm32f4xx_hal.o(i.HAL_GetTick)
    i.HAL_IncTick                            0x08001574   Section        0  stm32f4xx_hal.o(i.HAL_IncTick)
    i.HAL_Init                               0x08001584   Section        0  stm32f4xx_hal.o(i.HAL_Init)
    i.HAL_InitTick                           0x080015b8   Section        0  stm32f4xx_hal_timebase_tim.o(i.HAL_InitTick)
    i.HAL_MspInit                            0x0800162c   Section        0  stm32f4xx_hal_msp.o(i.HAL_MspInit)
    i.HAL_NVIC_EnableIRQ                     0x08001664   Section        0  stm32f4xx_hal_cortex.o(i.HAL_NVIC_EnableIRQ)
    i.HAL_NVIC_SetPriority                   0x08001680   Section        0  stm32f4xx_hal_cortex.o(i.HAL_NVIC_SetPriority)
    i.HAL_NVIC_SetPriorityGrouping           0x080016c0   Section        0  stm32f4xx_hal_cortex.o(i.HAL_NVIC_SetPriorityGrouping)
    i.HAL_RCC_ClockConfig                    0x080016e4   Section        0  stm32f4xx_hal_rcc.o(i.HAL_RCC_ClockConfig)
    i.HAL_RCC_GetClockConfig                 0x08001818   Section        0  stm32f4xx_hal_rcc.o(i.HAL_RCC_GetClockConfig)
    i.HAL_RCC_GetPCLK1Freq                   0x08001858   Section        0  stm32f4xx_hal_rcc.o(i.HAL_RCC_GetPCLK1Freq)
    i.HAL_RCC_GetPCLK2Freq                   0x08001878   Section        0  stm32f4xx_hal_rcc.o(i.HAL_RCC_GetPCLK2Freq)
    i.HAL_RCC_GetSysClockFreq                0x08001898   Section        0  stm32f4xx_hal_rcc.o(i.HAL_RCC_GetSysClockFreq)
    i.HAL_RCC_OscConfig                      0x080018fc   Section        0  stm32f4xx_hal_rcc.o(i.HAL_RCC_OscConfig)
    i.HAL_SPI_Init                           0x08001c68   Section        0  stm32f4xx_hal_spi.o(i.HAL_SPI_Init)
    i.HAL_SPI_MspInit                        0x08001d24   Section        0  spi.o(i.HAL_SPI_MspInit)
    i.HAL_SPI_TransmitReceive                0x08001d90   Section        0  stm32f4xx_hal_spi.o(i.HAL_SPI_TransmitReceive)
    i.HAL_TIMEx_BreakCallback                0x08001f72   Section        0  stm32f4xx_hal_tim_ex.o(i.HAL_TIMEx_BreakCallback)
    i.HAL_TIMEx_CommutCallback               0x08001f74   Section        0  stm32f4xx_hal_tim_ex.o(i.HAL_TIMEx_CommutCallback)
    i.HAL_TIM_Base_Init                      0x08001f76   Section        0  stm32f4xx_hal_tim.o(i.HAL_TIM_Base_Init)
    i.HAL_TIM_Base_MspInit                   0x08001fd0   Section        0  stm32f4xx_hal_tim.o(i.HAL_TIM_Base_MspInit)
    i.HAL_TIM_Base_Start_IT                  0x08001fd4   Section        0  stm32f4xx_hal_tim.o(i.HAL_TIM_Base_Start_IT)
    i.HAL_TIM_IC_CaptureCallback             0x08002054   Section        0  stm32f4xx_hal_tim.o(i.HAL_TIM_IC_CaptureCallback)
    i.HAL_TIM_IRQHandler                     0x08002056   Section        0  stm32f4xx_hal_tim.o(i.HAL_TIM_IRQHandler)
    i.HAL_TIM_OC_DelayElapsedCallback        0x080021bc   Section        0  stm32f4xx_hal_tim.o(i.HAL_TIM_OC_DelayElapsedCallback)
    i.HAL_TIM_PWM_PulseFinishedCallback      0x080021be   Section        0  stm32f4xx_hal_tim.o(i.HAL_TIM_PWM_PulseFinishedCallback)
    i.HAL_TIM_PeriodElapsedCallback          0x080021c0   Section        0  main.o(i.HAL_TIM_PeriodElapsedCallback)
    i.HAL_TIM_TriggerCallback                0x080021d4   Section        0  stm32f4xx_hal_tim.o(i.HAL_TIM_TriggerCallback)
    i.HAL_UARTEx_RxEventCallback             0x080021d6   Section        0  stm32f4xx_hal_uart.o(i.HAL_UARTEx_RxEventCallback)
    i.HAL_UART_ErrorCallback                 0x080021d8   Section        0  stm32f4xx_hal_uart.o(i.HAL_UART_ErrorCallback)
    i.HAL_UART_IRQHandler                    0x080021dc   Section        0  stm32f4xx_hal_uart.o(i.HAL_UART_IRQHandler)
    i.HAL_UART_Init                          0x080023ec   Section        0  stm32f4xx_hal_uart.o(i.HAL_UART_Init)
    i.HAL_UART_MspInit                       0x08002450   Section        0  usart.o(i.HAL_UART_MspInit)
    i.HAL_UART_RxCpltCallback                0x080025c0   Section        0  remote_control.o(i.HAL_UART_RxCpltCallback)
    i.HAL_UART_Transmit                      0x08002674   Section        0  stm32f4xx_hal_uart.o(i.HAL_UART_Transmit)
    i.HAL_UART_TxCpltCallback                0x08002726   Section        0  stm32f4xx_hal_uart.o(i.HAL_UART_TxCpltCallback)
    i.HardFault_Handler                      0x08002728   Section        0  stm32f4xx_it.o(i.HardFault_Handler)
    i.MX_CAN1_Init                           0x0800272c   Section        0  can.o(i.MX_CAN1_Init)
    i.MX_CAN2_Init                           0x08002774   Section        0  can.o(i.MX_CAN2_Init)
    i.MX_DMA_Init                            0x080027b0   Section        0  dma.o(i.MX_DMA_Init)
    i.MX_FREERTOS_Init                       0x0800280c   Section        0  freertos.o(i.MX_FREERTOS_Init)
    i.MX_GPIO_Init                           0x08002834   Section        0  gpio.o(i.MX_GPIO_Init)
    i.MX_SPI5_Init                           0x0800292c   Section        0  spi.o(i.MX_SPI5_Init)
    i.MX_USART1_UART_Init                    0x08002974   Section        0  usart.o(i.MX_USART1_UART_Init)
    i.MX_USART2_UART_Init                    0x080029b0   Section        0  usart.o(i.MX_USART2_UART_Init)
    i.MemManage_Handler                      0x080029e8   Section        0  stm32f4xx_it.o(i.MemManage_Handler)
    i.NMI_Handler                            0x080029ea   Section        0  stm32f4xx_it.o(i.NMI_Handler)
    i.RC_Init                                0x080029ec   Section        0  bsp_rc.o(i.RC_Init)
    i.SPI_EndRxTxTransaction                 0x08002a4c   Section        0  stm32f4xx_hal_spi.o(i.SPI_EndRxTxTransaction)
    SPI_EndRxTxTransaction                   0x08002a4d   Thumb Code    80  stm32f4xx_hal_spi.o(i.SPI_EndRxTxTransaction)
    i.SPI_WaitFlagStateUntilTimeout          0x08002aa4   Section        0  stm32f4xx_hal_spi.o(i.SPI_WaitFlagStateUntilTimeout)
    SPI_WaitFlagStateUntilTimeout            0x08002aa5   Thumb Code   180  stm32f4xx_hal_spi.o(i.SPI_WaitFlagStateUntilTimeout)
    i.StartDefaultTask                       0x08002b5c   Section        0  default_task.o(i.StartDefaultTask)
    i.SysTick_Handler                        0x08002bcc   Section        0  port.o(i.SysTick_Handler)
    i.SystemClock_Config                     0x08002bf8   Section        0  main.o(i.SystemClock_Config)
    i.SystemInit                             0x08002c7c   Section        0  system_stm32f4xx.o(i.SystemInit)
    i.TIM1_UP_TIM10_IRQHandler               0x08002c98   Section        0  stm32f4xx_it.o(i.TIM1_UP_TIM10_IRQHandler)
    i.TIM_Base_SetConfig                     0x08002ca4   Section        0  stm32f4xx_hal_tim.o(i.TIM_Base_SetConfig)
    i.UART_DMAAbortOnError                   0x08002d6c   Section        0  stm32f4xx_hal_uart.o(i.UART_DMAAbortOnError)
    UART_DMAAbortOnError                     0x08002d6d   Thumb Code    16  stm32f4xx_hal_uart.o(i.UART_DMAAbortOnError)
    i.UART_EndRxTransfer                     0x08002d7c   Section        0  stm32f4xx_hal_uart.o(i.UART_EndRxTransfer)
    UART_EndRxTransfer                       0x08002d7d   Thumb Code    48  stm32f4xx_hal_uart.o(i.UART_EndRxTransfer)
    i.UART_Receive_IT                        0x08002dac   Section        0  stm32f4xx_hal_uart.o(i.UART_Receive_IT)
    UART_Receive_IT                          0x08002dad   Thumb Code   174  stm32f4xx_hal_uart.o(i.UART_Receive_IT)
    i.UART_SetConfig                         0x08002e5c   Section        0  stm32f4xx_hal_uart.o(i.UART_SetConfig)
    UART_SetConfig                           0x08002e5d   Thumb Code   258  stm32f4xx_hal_uart.o(i.UART_SetConfig)
    i.UART_WaitOnFlagUntilTimeout            0x08002f68   Section        0  stm32f4xx_hal_uart.o(i.UART_WaitOnFlagUntilTimeout)
    UART_WaitOnFlagUntilTimeout              0x08002f69   Thumb Code   100  stm32f4xx_hal_uart.o(i.UART_WaitOnFlagUntilTimeout)
    i.USART1_IRQHandler                      0x08002fcc   Section        0  stm32f4xx_it.o(i.USART1_IRQHandler)
    i.USART2_IRQHandler                      0x08002fd8   Section        0  stm32f4xx_it.o(i.USART2_IRQHandler)
    i.UsageFault_Handler                     0x08002fe4   Section        0  stm32f4xx_it.o(i.UsageFault_Handler)
    i.__0printf                              0x08002fe8   Section        0  printfa.o(i.__0printf)
    i.__NVIC_SetPriority                     0x08003008   Section        0  stm32f4xx_hal_cortex.o(i.__NVIC_SetPriority)
    __NVIC_SetPriority                       0x08003009   Thumb Code    32  stm32f4xx_hal_cortex.o(i.__NVIC_SetPriority)
    i.__scatterload_copy                     0x08003028   Section       14  handlers.o(i.__scatterload_copy)
    i.__scatterload_null                     0x08003036   Section        2  handlers.o(i.__scatterload_null)
    i.__scatterload_zeroinit                 0x08003038   Section       14  handlers.o(i.__scatterload_zeroinit)
    i._fp_digits                             0x08003048   Section        0  printfa.o(i._fp_digits)
    _fp_digits                               0x08003049   Thumb Code   334  printfa.o(i._fp_digits)
    i._printf_core                           0x080031ac   Section        0  printfa.o(i._printf_core)
    _printf_core                             0x080031ad   Thumb Code  1744  printfa.o(i._printf_core)
    i._printf_post_padding                   0x08003888   Section        0  printfa.o(i._printf_post_padding)
    _printf_post_padding                     0x08003889   Thumb Code    36  printfa.o(i._printf_post_padding)
    i._printf_pre_padding                    0x080038ac   Section        0  printfa.o(i._printf_pre_padding)
    _printf_pre_padding                      0x080038ad   Thumb Code    46  printfa.o(i._printf_pre_padding)
    i.can_filter_init                        0x080038dc   Section        0  bsp_can.o(i.can_filter_init)
    i.delay_ms                               0x08003934   Section        0  bsp_delay.o(i.delay_ms)
    i.delay_us                               0x08003968   Section        0  bsp_delay.o(i.delay_us)
    i.fputc                                  0x0800399c   Section        0  main.o(i.fputc)
    i.main                                   0x080039b4   Section        0  main.o(i.main)
    i.makeFreeRtosPriority                   0x080039ee   Section        0  cmsis_os.o(i.makeFreeRtosPriority)
    makeFreeRtosPriority                     0x080039ef   Thumb Code    12  cmsis_os.o(i.makeFreeRtosPriority)
    i.mpu6500_GPIO_init                      0x080039fa   Section        0  mpu6500driver_middleware.o(i.mpu6500_GPIO_init)
    i.mpu6500_SPI_NS_H                       0x080039fc   Section        0  mpu6500driver_middleware.o(i.mpu6500_SPI_NS_H)
    i.mpu6500_SPI_NS_L                       0x08003a0c   Section        0  mpu6500driver_middleware.o(i.mpu6500_SPI_NS_L)
    i.mpu6500_SPI_read_write_byte            0x08003a1c   Section        0  mpu6500driver_middleware.o(i.mpu6500_SPI_read_write_byte)
    mpu6500_SPI_read_write_byte              0x08003a1d   Thumb Code    28  mpu6500driver_middleware.o(i.mpu6500_SPI_read_write_byte)
    i.mpu6500_com_init                       0x08003a3c   Section        0  mpu6500driver_middleware.o(i.mpu6500_com_init)
    i.mpu6500_init                           0x08003a40   Section        0  mpu6500driver.o(i.mpu6500_init)
    i.mpu6500_middleware_delay_ms            0x08003af0   Section        0  mpu6500driver_middleware.o(i.mpu6500_middleware_delay_ms)
    i.mpu6500_middleware_delay_us            0x08003af4   Section        0  mpu6500driver_middleware.o(i.mpu6500_middleware_delay_us)
    i.mpu6500_read_over                      0x08003afc   Section        0  mpu6500driver.o(i.mpu6500_read_over)
    i.mpu6500_read_single_reg                0x08003c1c   Section        0  mpu6500driver_middleware.o(i.mpu6500_read_single_reg)
    i.mpu6500_write_single_reg               0x08003c3c   Section        0  mpu6500driver_middleware.o(i.mpu6500_write_single_reg)
    i.osDelay                                0x08003c5a   Section        0  cmsis_os.o(i.osDelay)
    i.osKernelStart                          0x08003c68   Section        0  cmsis_os.o(i.osKernelStart)
    i.osThreadCreate                         0x08003c72   Section        0  cmsis_os.o(i.osThreadCreate)
    i.prvAddCurrentTaskToDelayedList         0x08003cc8   Section        0  tasks.o(i.prvAddCurrentTaskToDelayedList)
    prvAddCurrentTaskToDelayedList           0x08003cc9   Thumb Code   102  tasks.o(i.prvAddCurrentTaskToDelayedList)
    i.prvAddNewTaskToReadyList               0x08003d38   Section        0  tasks.o(i.prvAddNewTaskToReadyList)
    prvAddNewTaskToReadyList                 0x08003d39   Thumb Code   194  tasks.o(i.prvAddNewTaskToReadyList)
    i.prvDeleteTCB                           0x08003e08   Section        0  tasks.o(i.prvDeleteTCB)
    prvDeleteTCB                             0x08003e09   Thumb Code    52  tasks.o(i.prvDeleteTCB)
    i.prvHeapInit                            0x08003e3c   Section        0  heap_4.o(i.prvHeapInit)
    prvHeapInit                              0x08003e3d   Thumb Code    66  heap_4.o(i.prvHeapInit)
    i.prvIdleTask                            0x08003e88   Section        0  tasks.o(i.prvIdleTask)
    prvIdleTask                              0x08003e89   Thumb Code    82  tasks.o(i.prvIdleTask)
    i.prvInitialiseNewTask                   0x08003ee8   Section        0  tasks.o(i.prvInitialiseNewTask)
    prvInitialiseNewTask                     0x08003ee9   Thumb Code   152  tasks.o(i.prvInitialiseNewTask)
    i.prvInsertBlockIntoFreeList             0x08003f80   Section        0  heap_4.o(i.prvInsertBlockIntoFreeList)
    prvInsertBlockIntoFreeList               0x08003f81   Thumb Code    72  heap_4.o(i.prvInsertBlockIntoFreeList)
    i.prvResetNextTaskUnblockTime            0x08003fcc   Section        0  tasks.o(i.prvResetNextTaskUnblockTime)
    prvResetNextTaskUnblockTime              0x08003fcd   Thumb Code    26  tasks.o(i.prvResetNextTaskUnblockTime)
    i.prvTaskExitError                       0x08003fec   Section        0  port.o(i.prvTaskExitError)
    prvTaskExitError                         0x08003fed   Thumb Code    36  port.o(i.prvTaskExitError)
    i.pvPortMalloc                           0x08004014   Section        0  heap_4.o(i.pvPortMalloc)
    i.pxPortInitialiseStack                  0x080040f0   Section        0  port.o(i.pxPortInitialiseStack)
    i.remote_control_init                    0x0800411c   Section        0  remote_control.o(i.remote_control_init)
    i.sbus_to_rc                             0x0800412c   Section        0  remote_control.o(i.sbus_to_rc)
    sbus_to_rc                               0x0800412d   Thumb Code   180  remote_control.o(i.sbus_to_rc)
    i.usart2_tx_dma_init                     0x080041e0   Section        0  bsp_usart.o(i.usart2_tx_dma_init)
    i.uxListRemove                           0x080041f4   Section        0  list.o(i.uxListRemove)
    i.vApplicationGetIdleTaskMemory          0x0800421c   Section        0  freertos.o(i.vApplicationGetIdleTaskMemory)
    i.vListInitialise                        0x08004230   Section        0  list.o(i.vListInitialise)
    i.vListInitialiseItem                    0x08004246   Section        0  list.o(i.vListInitialiseItem)
    i.vListInsert                            0x0800424c   Section        0  list.o(i.vListInsert)
    i.vListInsertEnd                         0x0800427c   Section        0  list.o(i.vListInsertEnd)
    i.vPortEnterCritical                     0x08004294   Section        0  port.o(i.vPortEnterCritical)
    i.vPortExitCritical                      0x080042d4   Section        0  port.o(i.vPortExitCritical)
    i.vPortFree                              0x080042fc   Section        0  heap_4.o(i.vPortFree)
    i.vPortSetupTimerInterrupt               0x08004360   Section        0  port.o(i.vPortSetupTimerInterrupt)
    i.vTaskDelay                             0x08004384   Section        0  tasks.o(i.vTaskDelay)
    i.vTaskStartScheduler                    0x080043d0   Section        0  tasks.o(i.vTaskStartScheduler)
    i.vTaskSuspendAll                        0x0800443c   Section        0  tasks.o(i.vTaskSuspendAll)
    i.vTaskSwitchContext                     0x0800444c   Section        0  tasks.o(i.vTaskSwitchContext)
    i.xPortStartScheduler                    0x080044a8   Section        0  port.o(i.xPortStartScheduler)
    i.xTaskCreate                            0x0800459c   Section        0  tasks.o(i.xTaskCreate)
    i.xTaskCreateStatic                      0x080045f6   Section        0  tasks.o(i.xTaskCreateStatic)
    i.xTaskIncrementTick                     0x0800464c   Section        0  tasks.o(i.xTaskIncrementTick)
    i.xTaskResumeAll                         0x08004718   Section        0  tasks.o(i.xTaskResumeAll)
    .constdata                               0x080047dc   Section       42  mpu6500driver.o(.constdata)
    write_mpu6500_reg_data_error             0x080047dc   Data          42  mpu6500driver.o(.constdata)
    .constdata                               0x08004808   Section       28  freertos.o(.constdata)
    .constdata                               0x08004824   Section       16  system_stm32f4xx.o(.constdata)
    .constdata                               0x08004834   Section        8  system_stm32f4xx.o(.constdata)
    .constdata                               0x0800483c   Section        8  stm32f4xx_hal_dma.o(.constdata)
    flagBitshiftOffset                       0x0800483c   Data           8  stm32f4xx_hal_dma.o(.constdata)
    .conststring                             0x08004844   Section        9  freertos.o(.conststring)
    .data                                    0x20000000   Section        8  bsp_delay.o(.data)
    fac_us                                   0x20000000   Data           1  bsp_delay.o(.data)
    fac_ms                                   0x20000004   Data           4  bsp_delay.o(.data)
    .data                                    0x20000008   Section       17  can_receive.o(.data)
    i                                        0x20000008   Data           1  can_receive.o(.data)
    gimbal_can_send_data                     0x20000009   Data           8  can_receive.o(.data)
    chassis_can_send_data                    0x20000011   Data           8  can_receive.o(.data)
    .data                                    0x2000001a   Section        2  remote_control.o(.data)
    this_time_rx_len                         0x2000001a   Data           2  remote_control.o(.data)
    .data                                    0x2000001c   Section        1  mpu6500driver.o(.data)
    motion_time                              0x2000001c   Data           1  mpu6500driver.o(.data)
    .data                                    0x20000020   Section        4  freertos.o(.data)
    .data                                    0x20000024   Section        4  can.o(.data)
    HAL_RCC_CAN1_CLK_ENABLED                 0x20000024   Data           4  can.o(.data)
    .data                                    0x20000028   Section        4  system_stm32f4xx.o(.data)
    .data                                    0x2000002c   Section       12  stm32f4xx_hal.o(.data)
    .data                                    0x20000038   Section       60  tasks.o(.data)
    uxDeletedTasksWaitingCleanUp             0x2000003c   Data           4  tasks.o(.data)
    uxCurrentNumberOfTasks                   0x20000040   Data           4  tasks.o(.data)
    xTickCount                               0x20000044   Data           4  tasks.o(.data)
    uxTopReadyPriority                       0x20000048   Data           4  tasks.o(.data)
    xSchedulerRunning                        0x2000004c   Data           4  tasks.o(.data)
    xPendedTicks                             0x20000050   Data           4  tasks.o(.data)
    xYieldPending                            0x20000054   Data           4  tasks.o(.data)
    xNumOfOverflows                          0x20000058   Data           4  tasks.o(.data)
    uxTaskNumber                             0x2000005c   Data           4  tasks.o(.data)
    xNextTaskUnblockTime                     0x20000060   Data           4  tasks.o(.data)
    xIdleTaskHandle                          0x20000064   Data           4  tasks.o(.data)
    uxSchedulerSuspended                     0x20000068   Data           4  tasks.o(.data)
    pxDelayedTaskList                        0x2000006c   Data           4  tasks.o(.data)
    pxOverflowDelayedTaskList                0x20000070   Data           4  tasks.o(.data)
    .data                                    0x20000074   Section       32  heap_4.o(.data)
    pxEnd                                    0x20000074   Data           4  heap_4.o(.data)
    xFreeBytesRemaining                      0x20000078   Data           4  heap_4.o(.data)
    xMinimumEverFreeBytesRemaining           0x2000007c   Data           4  heap_4.o(.data)
    xNumberOfSuccessfulAllocations           0x20000080   Data           4  heap_4.o(.data)
    xNumberOfSuccessfulFrees                 0x20000084   Data           4  heap_4.o(.data)
    xBlockAllocatedBit                       0x20000088   Data           4  heap_4.o(.data)
    xStart                                   0x2000008c   Data           8  heap_4.o(.data)
    .data                                    0x20000094   Section       12  port.o(.data)
    ucMaxSysCallPriority                     0x20000094   Data           1  port.o(.data)
    uxCriticalNesting                        0x20000098   Data           4  port.o(.data)
    ulMaxPRIGROUPValue                       0x2000009c   Data           4  port.o(.data)
    .data                                    0x200000a0   Section        4  stdout.o(.data)
    .bss                                     0x200000a4   Section       32  default_task.o(.bss)
    mpu6500_real_data                        0x200000a4   Data          32  default_task.o(.bss)
    .bss                                     0x200000c4   Section      120  can_receive.o(.bss)
    motor_chassis                            0x200000c4   Data          70  can_receive.o(.bss)
    gimbal_tx_message                        0x2000010c   Data          24  can_receive.o(.bss)
    chassis_tx_message                       0x20000124   Data          24  can_receive.o(.bss)
    .bss                                     0x2000013c   Section       94  remote_control.o(.bss)
    sbus_rx_buf                              0x20000152   Data          72  remote_control.o(.bss)
    .bss                                     0x2000019c   Section      596  freertos.o(.bss)
    xIdleTaskTCBBuffer                       0x2000019c   Data          84  freertos.o(.bss)
    xIdleStack                               0x200001f0   Data         512  freertos.o(.bss)
    .bss                                     0x200003f0   Section       80  can.o(.bss)
    .bss                                     0x20000440   Section       88  spi.o(.bss)
    .bss                                     0x20000498   Section      424  usart.o(.bss)
    .bss                                     0x20000640   Section       72  stm32f4xx_hal_timebase_tim.o(.bss)
    .bss                                     0x20000688   Section      240  tasks.o(.bss)
    pxReadyTasksLists                        0x20000688   Data         140  tasks.o(.bss)
    xDelayedTaskList1                        0x20000714   Data          20  tasks.o(.bss)
    xDelayedTaskList2                        0x20000728   Data          20  tasks.o(.bss)
    xPendingReadyList                        0x2000073c   Data          20  tasks.o(.bss)
    xTasksWaitingTermination                 0x20000750   Data          20  tasks.o(.bss)
    xSuspendedTaskList                       0x20000764   Data          20  tasks.o(.bss)
    .bss                                     0x20000778   Section    15360  heap_4.o(.bss)
    ucHeap                                   0x20000778   Data       15360  heap_4.o(.bss)
    STACK                                    0x20004378   Section     1024  startup_stm32f427xx.o(STACK)

    Global Symbols

    Symbol Name                              Value     Ov Type        Size  Object(Section)

    BuildAttributes$$THM_ISAv4$E$P$D$K$B$S$7EM$VFPi3$EXTD16$VFPS$VFMA$PE$A:L22UL41UL21$X:L11$S22US41US21$IEEE1$IW$USESV6$~STKCKD$USESV7$~SHL$OTIME$ROPI$IEEEJ$EBA8$MICROLIB$REQ8$PRES8$EABIv2 0x00000000   Number         0  anon$$obj.o ABSOLUTE
    __ARM_use_no_argv                        0x00000000   Number         0  main.o ABSOLUTE
    _printf_a                                0x00000000   Number         0  stubs.o ABSOLUTE
    _printf_c                                0x00000000   Number         0  stubs.o ABSOLUTE
    _printf_charcount                        0x00000000   Number         0  stubs.o ABSOLUTE
    _printf_d                                0x00000000   Number         0  stubs.o ABSOLUTE
    _printf_e                                0x00000000   Number         0  stubs.o ABSOLUTE
    _printf_f                                0x00000000   Number         0  stubs.o ABSOLUTE
    _printf_flags                            0x00000000   Number         0  stubs.o ABSOLUTE
    _printf_fp_dec                           0x00000000   Number         0  stubs.o ABSOLUTE
    _printf_fp_hex                           0x00000000   Number         0  stubs.o ABSOLUTE
    _printf_g                                0x00000000   Number         0  stubs.o ABSOLUTE
    _printf_i                                0x00000000   Number         0  stubs.o ABSOLUTE
    _printf_int_dec                          0x00000000   Number         0  stubs.o ABSOLUTE
    _printf_l                                0x00000000   Number         0  stubs.o ABSOLUTE
    _printf_lc                               0x00000000   Number         0  stubs.o ABSOLUTE
    _printf_ll                               0x00000000   Number         0  stubs.o ABSOLUTE
    _printf_lld                              0x00000000   Number         0  stubs.o ABSOLUTE
    _printf_lli                              0x00000000   Number         0  stubs.o ABSOLUTE
    _printf_llo                              0x00000000   Number         0  stubs.o ABSOLUTE
    _printf_llu                              0x00000000   Number         0  stubs.o ABSOLUTE
    _printf_llx                              0x00000000   Number         0  stubs.o ABSOLUTE
    _printf_longlong_dec                     0x00000000   Number         0  stubs.o ABSOLUTE
    _printf_longlong_hex                     0x00000000   Number         0  stubs.o ABSOLUTE
    _printf_longlong_oct                     0x00000000   Number         0  stubs.o ABSOLUTE
    _printf_ls                               0x00000000   Number         0  stubs.o ABSOLUTE
    _printf_mbtowc                           0x00000000   Number         0  stubs.o ABSOLUTE
    _printf_n                                0x00000000   Number         0  stubs.o ABSOLUTE
    _printf_o                                0x00000000   Number         0  stubs.o ABSOLUTE
    _printf_p                                0x00000000   Number         0  stubs.o ABSOLUTE
    _printf_percent                          0x00000000   Number         0  stubs.o ABSOLUTE
    _printf_pre_padding                      0x00000000   Number         0  stubs.o ABSOLUTE
    _printf_return_value                     0x00000000   Number         0  stubs.o ABSOLUTE
    _printf_s                                0x00000000   Number         0  stubs.o ABSOLUTE
    _printf_sizespec                         0x00000000   Number         0  stubs.o ABSOLUTE
    _printf_str                              0x00000000   Number         0  stubs.o ABSOLUTE
    _printf_truncate_signed                  0x00000000   Number         0  stubs.o ABSOLUTE
    _printf_truncate_unsigned                0x00000000   Number         0  stubs.o ABSOLUTE
    _printf_u                                0x00000000   Number         0  stubs.o ABSOLUTE
    _printf_wc                               0x00000000   Number         0  stubs.o ABSOLUTE
    _printf_wctomb                           0x00000000   Number         0  stubs.o ABSOLUTE
    _printf_widthprec                        0x00000000   Number         0  stubs.o ABSOLUTE
    _printf_x                                0x00000000   Number         0  stubs.o ABSOLUTE
    __cpp_initialize__aeabi_                  - Undefined Weak Reference
    __cxa_finalize                            - Undefined Weak Reference
    __decompress                              - Undefined Weak Reference
    _clock_init                               - Undefined Weak Reference
    _microlib_exit                            - Undefined Weak Reference
    _scanf_int                                - Undefined Weak Reference
    _scanf_longlong                           - Undefined Weak Reference
    _scanf_string                             - Undefined Weak Reference
    __Vectors_Size                           0x000001ac   Number         0  startup_stm32f427xx.o ABSOLUTE
    __Vectors                                0x08000000   Data           4  startup_stm32f427xx.o(RESET)
    __Vectors_End                            0x080001ac   Data           0  startup_stm32f427xx.o(RESET)
    __main                                   0x080001ad   Thumb Code     0  entry.o(.ARM.Collect$$$$00000000)
    _main_stk                                0x080001ad   Thumb Code     0  entry2.o(.ARM.Collect$$$$00000001)
    _main_scatterload                        0x080001b1   Thumb Code     0  entry5.o(.ARM.Collect$$$$00000004)
    __main_after_scatterload                 0x080001b5   Thumb Code     0  entry5.o(.ARM.Collect$$$$00000004)
    _main_clock                              0x080001b5   Thumb Code     0  entry7b.o(.ARM.Collect$$$$00000008)
    _main_cpp_init                           0x080001b5   Thumb Code     0  entry8b.o(.ARM.Collect$$$$0000000A)
    _main_init                               0x080001b5   Thumb Code     0  entry9a.o(.ARM.Collect$$$$0000000B)
    __rt_final_cpp                           0x080001bd   Thumb Code     0  entry10a.o(.ARM.Collect$$$$0000000D)
    __rt_final_exit                          0x080001bd   Thumb Code     0  entry11a.o(.ARM.Collect$$$$0000000F)
    SVC_Handler                              0x080001c1   Thumb Code    28  port.o(.emb_text)
    __asm___6_port_c_39a90d8d__prvStartFirstTask 0x080001e1   Thumb Code    36  port.o(.emb_text)
    __asm___6_port_c_39a90d8d__prvEnableVFP  0x08000209   Thumb Code    16  port.o(.emb_text)
    PendSV_Handler                           0x0800021d   Thumb Code    88  port.o(.emb_text)
    vPortGetIPSR                             0x08000279   Thumb Code     6  port.o(.emb_text)
    Reset_Handler                            0x08000281   Thumb Code     8  startup_stm32f427xx.o(.text)
    ADC_IRQHandler                           0x0800029b   Thumb Code     0  startup_stm32f427xx.o(.text)
    CAN1_RX1_IRQHandler                      0x0800029b   Thumb Code     0  startup_stm32f427xx.o(.text)
    CAN1_SCE_IRQHandler                      0x0800029b   Thumb Code     0  startup_stm32f427xx.o(.text)
    CAN1_TX_IRQHandler                       0x0800029b   Thumb Code     0  startup_stm32f427xx.o(.text)
    CAN2_RX0_IRQHandler                      0x0800029b   Thumb Code     0  startup_stm32f427xx.o(.text)
    CAN2_RX1_IRQHandler                      0x0800029b   Thumb Code     0  startup_stm32f427xx.o(.text)
    CAN2_SCE_IRQHandler                      0x0800029b   Thumb Code     0  startup_stm32f427xx.o(.text)
    CAN2_TX_IRQHandler                       0x0800029b   Thumb Code     0  startup_stm32f427xx.o(.text)
    DCMI_IRQHandler                          0x0800029b   Thumb Code     0  startup_stm32f427xx.o(.text)
    DMA1_Stream0_IRQHandler                  0x0800029b   Thumb Code     0  startup_stm32f427xx.o(.text)
    DMA1_Stream1_IRQHandler                  0x0800029b   Thumb Code     0  startup_stm32f427xx.o(.text)
    DMA1_Stream2_IRQHandler                  0x0800029b   Thumb Code     0  startup_stm32f427xx.o(.text)
    DMA1_Stream3_IRQHandler                  0x0800029b   Thumb Code     0  startup_stm32f427xx.o(.text)
    DMA1_Stream4_IRQHandler                  0x0800029b   Thumb Code     0  startup_stm32f427xx.o(.text)
    DMA1_Stream7_IRQHandler                  0x0800029b   Thumb Code     0  startup_stm32f427xx.o(.text)
    DMA2D_IRQHandler                         0x0800029b   Thumb Code     0  startup_stm32f427xx.o(.text)
    DMA2_Stream0_IRQHandler                  0x0800029b   Thumb Code     0  startup_stm32f427xx.o(.text)
    DMA2_Stream1_IRQHandler                  0x0800029b   Thumb Code     0  startup_stm32f427xx.o(.text)
    DMA2_Stream3_IRQHandler                  0x0800029b   Thumb Code     0  startup_stm32f427xx.o(.text)
    DMA2_Stream4_IRQHandler                  0x0800029b   Thumb Code     0  startup_stm32f427xx.o(.text)
    DMA2_Stream5_IRQHandler                  0x0800029b   Thumb Code     0  startup_stm32f427xx.o(.text)
    DMA2_Stream6_IRQHandler                  0x0800029b   Thumb Code     0  startup_stm32f427xx.o(.text)
    DMA2_Stream7_IRQHandler                  0x0800029b   Thumb Code     0  startup_stm32f427xx.o(.text)
    ETH_IRQHandler                           0x0800029b   Thumb Code     0  startup_stm32f427xx.o(.text)
    ETH_WKUP_IRQHandler                      0x0800029b   Thumb Code     0  startup_stm32f427xx.o(.text)
    EXTI0_IRQHandler                         0x0800029b   Thumb Code     0  startup_stm32f427xx.o(.text)
    EXTI15_10_IRQHandler                     0x0800029b   Thumb Code     0  startup_stm32f427xx.o(.text)
    EXTI1_IRQHandler                         0x0800029b   Thumb Code     0  startup_stm32f427xx.o(.text)
    EXTI2_IRQHandler                         0x0800029b   Thumb Code     0  startup_stm32f427xx.o(.text)
    EXTI3_IRQHandler                         0x0800029b   Thumb Code     0  startup_stm32f427xx.o(.text)
    EXTI4_IRQHandler                         0x0800029b   Thumb Code     0  startup_stm32f427xx.o(.text)
    EXTI9_5_IRQHandler                       0x0800029b   Thumb Code     0  startup_stm32f427xx.o(.text)
    FLASH_IRQHandler                         0x0800029b   Thumb Code     0  startup_stm32f427xx.o(.text)
    FMC_IRQHandler                           0x0800029b   Thumb Code     0  startup_stm32f427xx.o(.text)
    FPU_IRQHandler                           0x0800029b   Thumb Code     0  startup_stm32f427xx.o(.text)
    HASH_RNG_IRQHandler                      0x0800029b   Thumb Code     0  startup_stm32f427xx.o(.text)
    I2C1_ER_IRQHandler                       0x0800029b   Thumb Code     0  startup_stm32f427xx.o(.text)
    I2C1_EV_IRQHandler                       0x0800029b   Thumb Code     0  startup_stm32f427xx.o(.text)
    I2C2_ER_IRQHandler                       0x0800029b   Thumb Code     0  startup_stm32f427xx.o(.text)
    I2C2_EV_IRQHandler                       0x0800029b   Thumb Code     0  startup_stm32f427xx.o(.text)
    I2C3_ER_IRQHandler                       0x0800029b   Thumb Code     0  startup_stm32f427xx.o(.text)
    I2C3_EV_IRQHandler                       0x0800029b   Thumb Code     0  startup_stm32f427xx.o(.text)
    OTG_FS_IRQHandler                        0x0800029b   Thumb Code     0  startup_stm32f427xx.o(.text)
    OTG_FS_WKUP_IRQHandler                   0x0800029b   Thumb Code     0  startup_stm32f427xx.o(.text)
    OTG_HS_EP1_IN_IRQHandler                 0x0800029b   Thumb Code     0  startup_stm32f427xx.o(.text)
    OTG_HS_EP1_OUT_IRQHandler                0x0800029b   Thumb Code     0  startup_stm32f427xx.o(.text)
    OTG_HS_IRQHandler                        0x0800029b   Thumb Code     0  startup_stm32f427xx.o(.text)
    OTG_HS_WKUP_IRQHandler                   0x0800029b   Thumb Code     0  startup_stm32f427xx.o(.text)
    PVD_IRQHandler                           0x0800029b   Thumb Code     0  startup_stm32f427xx.o(.text)
    RCC_IRQHandler                           0x0800029b   Thumb Code     0  startup_stm32f427xx.o(.text)
    RTC_Alarm_IRQHandler                     0x0800029b   Thumb Code     0  startup_stm32f427xx.o(.text)
    RTC_WKUP_IRQHandler                      0x0800029b   Thumb Code     0  startup_stm32f427xx.o(.text)
    SAI1_IRQHandler                          0x0800029b   Thumb Code     0  startup_stm32f427xx.o(.text)
    SDIO_IRQHandler                          0x0800029b   Thumb Code     0  startup_stm32f427xx.o(.text)
    SPI1_IRQHandler                          0x0800029b   Thumb Code     0  startup_stm32f427xx.o(.text)
    SPI2_IRQHandler                          0x0800029b   Thumb Code     0  startup_stm32f427xx.o(.text)
    SPI3_IRQHandler                          0x0800029b   Thumb Code     0  startup_stm32f427xx.o(.text)
    SPI4_IRQHandler                          0x0800029b   Thumb Code     0  startup_stm32f427xx.o(.text)
    SPI5_IRQHandler                          0x0800029b   Thumb Code     0  startup_stm32f427xx.o(.text)
    SPI6_IRQHandler                          0x0800029b   Thumb Code     0  startup_stm32f427xx.o(.text)
    TAMP_STAMP_IRQHandler                    0x0800029b   Thumb Code     0  startup_stm32f427xx.o(.text)
    TIM1_BRK_TIM9_IRQHandler                 0x0800029b   Thumb Code     0  startup_stm32f427xx.o(.text)
    TIM1_CC_IRQHandler                       0x0800029b   Thumb Code     0  startup_stm32f427xx.o(.text)
    TIM1_TRG_COM_TIM11_IRQHandler            0x0800029b   Thumb Code     0  startup_stm32f427xx.o(.text)
    TIM2_IRQHandler                          0x0800029b   Thumb Code     0  startup_stm32f427xx.o(.text)
    TIM3_IRQHandler                          0x0800029b   Thumb Code     0  startup_stm32f427xx.o(.text)
    TIM4_IRQHandler                          0x0800029b   Thumb Code     0  startup_stm32f427xx.o(.text)
    TIM5_IRQHandler                          0x0800029b   Thumb Code     0  startup_stm32f427xx.o(.text)
    TIM6_DAC_IRQHandler                      0x0800029b   Thumb Code     0  startup_stm32f427xx.o(.text)
    TIM7_IRQHandler                          0x0800029b   Thumb Code     0  startup_stm32f427xx.o(.text)
    TIM8_BRK_TIM12_IRQHandler                0x0800029b   Thumb Code     0  startup_stm32f427xx.o(.text)
    TIM8_CC_IRQHandler                       0x0800029b   Thumb Code     0  startup_stm32f427xx.o(.text)
    TIM8_TRG_COM_TIM14_IRQHandler            0x0800029b   Thumb Code     0  startup_stm32f427xx.o(.text)
    TIM8_UP_TIM13_IRQHandler                 0x0800029b   Thumb Code     0  startup_stm32f427xx.o(.text)
    UART4_IRQHandler                         0x0800029b   Thumb Code     0  startup_stm32f427xx.o(.text)
    UART5_IRQHandler                         0x0800029b   Thumb Code     0  startup_stm32f427xx.o(.text)
    UART7_IRQHandler                         0x0800029b   Thumb Code     0  startup_stm32f427xx.o(.text)
    UART8_IRQHandler                         0x0800029b   Thumb Code     0  startup_stm32f427xx.o(.text)
    USART3_IRQHandler                        0x0800029b   Thumb Code     0  startup_stm32f427xx.o(.text)
    USART6_IRQHandler                        0x0800029b   Thumb Code     0  startup_stm32f427xx.o(.text)
    WWDG_IRQHandler                          0x0800029b   Thumb Code     0  startup_stm32f427xx.o(.text)
    __aeabi_uldivmod                         0x080002a5   Thumb Code    98  uldiv.o(.text)
    __aeabi_memcpy                           0x08000307   Thumb Code    36  memcpya.o(.text)
    __aeabi_memcpy4                          0x08000307   Thumb Code     0  memcpya.o(.text)
    __aeabi_memcpy8                          0x08000307   Thumb Code     0  memcpya.o(.text)
    __aeabi_memset                           0x0800032b   Thumb Code    14  memseta.o(.text)
    __aeabi_memset4                          0x0800032b   Thumb Code     0  memseta.o(.text)
    __aeabi_memset8                          0x0800032b   Thumb Code     0  memseta.o(.text)
    __aeabi_memclr                           0x08000339   Thumb Code     4  memseta.o(.text)
    __aeabi_memclr4                          0x08000339   Thumb Code     0  memseta.o(.text)
    __aeabi_memclr8                          0x08000339   Thumb Code     0  memseta.o(.text)
    memset                                   0x0800033d   Thumb Code    18  memseta.o(.text)
    __aeabi_dadd                             0x0800034f   Thumb Code   322  dadd.o(.text)
    __aeabi_dsub                             0x08000491   Thumb Code     6  dadd.o(.text)
    __aeabi_drsub                            0x08000497   Thumb Code     6  dadd.o(.text)
    __aeabi_dmul                             0x0800049d   Thumb Code   228  dmul.o(.text)
    __aeabi_f2d                              0x08000581   Thumb Code    38  f2d.o(.text)
    __aeabi_cdrcmple                         0x080005a9   Thumb Code    48  cdrcmple.o(.text)
    __aeabi_uidiv                            0x080005d9   Thumb Code     0  uidiv.o(.text)
    __aeabi_uidivmod                         0x080005d9   Thumb Code    44  uidiv.o(.text)
    __aeabi_llsl                             0x08000605   Thumb Code    30  llshl.o(.text)
    _ll_shift_l                              0x08000605   Thumb Code     0  llshl.o(.text)
    __aeabi_llsr                             0x08000623   Thumb Code    32  llushr.o(.text)
    _ll_ushift_r                             0x08000623   Thumb Code     0  llushr.o(.text)
    __aeabi_lasr                             0x08000643   Thumb Code    36  llsshr.o(.text)
    _ll_sshift_r                             0x08000643   Thumb Code     0  llsshr.o(.text)
    __I$use$fp                               0x08000667   Thumb Code     0  iusefp.o(.text)
    _double_round                            0x08000667   Thumb Code    30  depilogue.o(.text)
    _double_epilogue                         0x08000685   Thumb Code   156  depilogue.o(.text)
    __aeabi_ddiv                             0x08000721   Thumb Code   222  ddiv.o(.text)
    __aeabi_d2ulz                            0x080007ff   Thumb Code    48  dfixul.o(.text)
    __scatterload                            0x08000831   Thumb Code    28  init.o(.text)
    __scatterload_rt2                        0x08000831   Thumb Code     0  init.o(.text)
    BusFault_Handler                         0x08000855   Thumb Code     2  stm32f4xx_it.o(i.BusFault_Handler)
    CAN1_RX0_IRQHandler                      0x08000859   Thumb Code     6  stm32f4xx_it.o(i.CAN1_RX0_IRQHandler)
    DMA1_Stream5_IRQHandler                  0x08000865   Thumb Code     6  stm32f4xx_it.o(i.DMA1_Stream5_IRQHandler)
    DMA1_Stream6_IRQHandler                  0x08000871   Thumb Code     6  stm32f4xx_it.o(i.DMA1_Stream6_IRQHandler)
    DMA2_Stream2_IRQHandler                  0x0800087d   Thumb Code     6  stm32f4xx_it.o(i.DMA2_Stream2_IRQHandler)
    DebugMon_Handler                         0x08000905   Thumb Code     2  stm32f4xx_it.o(i.DebugMon_Handler)
    Error_Handler                            0x08000907   Thumb Code     2  main.o(i.Error_Handler)
    HAL_CAN_ActivateNotification             0x08000909   Thumb Code    36  stm32f4xx_hal_can.o(i.HAL_CAN_ActivateNotification)
    HAL_CAN_ConfigFilter                     0x0800092d   Thumb Code   262  stm32f4xx_hal_can.o(i.HAL_CAN_ConfigFilter)
    HAL_CAN_ErrorCallback                    0x08000a39   Thumb Code     2  stm32f4xx_hal_can.o(i.HAL_CAN_ErrorCallback)
    HAL_CAN_GetRxMessage                     0x08000a3b   Thumb Code   232  stm32f4xx_hal_can.o(i.HAL_CAN_GetRxMessage)
    HAL_CAN_IRQHandler                       0x08000b23   Thumb Code   508  stm32f4xx_hal_can.o(i.HAL_CAN_IRQHandler)
    HAL_CAN_Init                             0x08000d1f   Thumb Code   282  stm32f4xx_hal_can.o(i.HAL_CAN_Init)
    HAL_CAN_MspInit                          0x08000e39   Thumb Code   216  can.o(i.HAL_CAN_MspInit)
    HAL_CAN_RxFifo0FullCallback              0x08000f29   Thumb Code     2  stm32f4xx_hal_can.o(i.HAL_CAN_RxFifo0FullCallback)
    HAL_CAN_RxFifo0MsgPendingCallback        0x08000f2d   Thumb Code    82  can_receive.o(i.HAL_CAN_RxFifo0MsgPendingCallback)
    HAL_CAN_RxFifo1FullCallback              0x08000f89   Thumb Code     2  stm32f4xx_hal_can.o(i.HAL_CAN_RxFifo1FullCallback)
    HAL_CAN_RxFifo1MsgPendingCallback        0x08000f8b   Thumb Code     2  stm32f4xx_hal_can.o(i.HAL_CAN_RxFifo1MsgPendingCallback)
    HAL_CAN_SleepCallback                    0x08000f8d   Thumb Code     2  stm32f4xx_hal_can.o(i.HAL_CAN_SleepCallback)
    HAL_CAN_Start                            0x08000f91   Thumb Code    88  stm32f4xx_hal_can.o(i.HAL_CAN_Start)
    HAL_CAN_TxMailbox0AbortCallback          0x08000fe9   Thumb Code     2  stm32f4xx_hal_can.o(i.HAL_CAN_TxMailbox0AbortCallback)
    HAL_CAN_TxMailbox0CompleteCallback       0x08000feb   Thumb Code     2  stm32f4xx_hal_can.o(i.HAL_CAN_TxMailbox0CompleteCallback)
    HAL_CAN_TxMailbox1AbortCallback          0x08000fed   Thumb Code     2  stm32f4xx_hal_can.o(i.HAL_CAN_TxMailbox1AbortCallback)
    HAL_CAN_TxMailbox1CompleteCallback       0x08000fef   Thumb Code     2  stm32f4xx_hal_can.o(i.HAL_CAN_TxMailbox1CompleteCallback)
    HAL_CAN_TxMailbox2AbortCallback          0x08000ff1   Thumb Code     2  stm32f4xx_hal_can.o(i.HAL_CAN_TxMailbox2AbortCallback)
    HAL_CAN_TxMailbox2CompleteCallback       0x08000ff3   Thumb Code     2  stm32f4xx_hal_can.o(i.HAL_CAN_TxMailbox2CompleteCallback)
    HAL_CAN_WakeUpFromRxMsgCallback          0x08000ff5   Thumb Code     2  stm32f4xx_hal_can.o(i.HAL_CAN_WakeUpFromRxMsgCallback)
    HAL_DMA_Abort                            0x08000ff7   Thumb Code   142  stm32f4xx_hal_dma.o(i.HAL_DMA_Abort)
    HAL_DMA_Abort_IT                         0x08001085   Thumb Code    36  stm32f4xx_hal_dma.o(i.HAL_DMA_Abort_IT)
    HAL_DMA_IRQHandler                       0x080010a9   Thumb Code   412  stm32f4xx_hal_dma.o(i.HAL_DMA_IRQHandler)
    HAL_DMA_Init                             0x08001249   Thumb Code   206  stm32f4xx_hal_dma.o(i.HAL_DMA_Init)
    HAL_GPIO_Init                            0x0800131d   Thumb Code   508  stm32f4xx_hal_gpio.o(i.HAL_GPIO_Init)
    HAL_GPIO_TogglePin                       0x0800154d   Thumb Code    16  stm32f4xx_hal_gpio.o(i.HAL_GPIO_TogglePin)
    HAL_GPIO_WritePin                        0x0800155d   Thumb Code    10  stm32f4xx_hal_gpio.o(i.HAL_GPIO_WritePin)
    HAL_GetTick                              0x08001569   Thumb Code     6  stm32f4xx_hal.o(i.HAL_GetTick)
    HAL_IncTick                              0x08001575   Thumb Code    12  stm32f4xx_hal.o(i.HAL_IncTick)
    HAL_Init                                 0x08001585   Thumb Code    48  stm32f4xx_hal.o(i.HAL_Init)
    HAL_InitTick                             0x080015b9   Thumb Code    98  stm32f4xx_hal_timebase_tim.o(i.HAL_InitTick)
    HAL_MspInit                              0x0800162d   Thumb Code    52  stm32f4xx_hal_msp.o(i.HAL_MspInit)
    HAL_NVIC_EnableIRQ                       0x08001665   Thumb Code    26  stm32f4xx_hal_cortex.o(i.HAL_NVIC_EnableIRQ)
    HAL_NVIC_SetPriority                     0x08001681   Thumb Code    60  stm32f4xx_hal_cortex.o(i.HAL_NVIC_SetPriority)
    HAL_NVIC_SetPriorityGrouping             0x080016c1   Thumb Code    26  stm32f4xx_hal_cortex.o(i.HAL_NVIC_SetPriorityGrouping)
    HAL_RCC_ClockConfig                      0x080016e5   Thumb Code   288  stm32f4xx_hal_rcc.o(i.HAL_RCC_ClockConfig)
    HAL_RCC_GetClockConfig                   0x08001819   Thumb Code    54  stm32f4xx_hal_rcc.o(i.HAL_RCC_GetClockConfig)
    HAL_RCC_GetPCLK1Freq                     0x08001859   Thumb Code    20  stm32f4xx_hal_rcc.o(i.HAL_RCC_GetPCLK1Freq)
    HAL_RCC_GetPCLK2Freq                     0x08001879   Thumb Code    20  stm32f4xx_hal_rcc.o(i.HAL_RCC_GetPCLK2Freq)
    HAL_RCC_GetSysClockFreq                  0x08001899   Thumb Code    88  stm32f4xx_hal_rcc.o(i.HAL_RCC_GetSysClockFreq)
    HAL_RCC_OscConfig                        0x080018fd   Thumb Code   856  stm32f4xx_hal_rcc.o(i.HAL_RCC_OscConfig)
    HAL_SPI_Init                             0x08001c69   Thumb Code   188  stm32f4xx_hal_spi.o(i.HAL_SPI_Init)
    HAL_SPI_MspInit                          0x08001d25   Thumb Code    94  spi.o(i.HAL_SPI_MspInit)
    HAL_SPI_TransmitReceive                  0x08001d91   Thumb Code   482  stm32f4xx_hal_spi.o(i.HAL_SPI_TransmitReceive)
    HAL_TIMEx_BreakCallback                  0x08001f73   Thumb Code     2  stm32f4xx_hal_tim_ex.o(i.HAL_TIMEx_BreakCallback)
    HAL_TIMEx_CommutCallback                 0x08001f75   Thumb Code     2  stm32f4xx_hal_tim_ex.o(i.HAL_TIMEx_CommutCallback)
    HAL_TIM_Base_Init                        0x08001f77   Thumb Code    90  stm32f4xx_hal_tim.o(i.HAL_TIM_Base_Init)
    HAL_TIM_Base_MspInit                     0x08001fd1   Thumb Code     2  stm32f4xx_hal_tim.o(i.HAL_TIM_Base_MspInit)
    HAL_TIM_Base_Start_IT                    0x08001fd5   Thumb Code   100  stm32f4xx_hal_tim.o(i.HAL_TIM_Base_Start_IT)
    HAL_TIM_IC_CaptureCallback               0x08002055   Thumb Code     2  stm32f4xx_hal_tim.o(i.HAL_TIM_IC_CaptureCallback)
    HAL_TIM_IRQHandler                       0x08002057   Thumb Code   358  stm32f4xx_hal_tim.o(i.HAL_TIM_IRQHandler)
    HAL_TIM_OC_DelayElapsedCallback          0x080021bd   Thumb Code     2  stm32f4xx_hal_tim.o(i.HAL_TIM_OC_DelayElapsedCallback)
    HAL_TIM_PWM_PulseFinishedCallback        0x080021bf   Thumb Code     2  stm32f4xx_hal_tim.o(i.HAL_TIM_PWM_PulseFinishedCallback)
    HAL_TIM_PeriodElapsedCallback            0x080021c1   Thumb Code    14  main.o(i.HAL_TIM_PeriodElapsedCallback)
    HAL_TIM_TriggerCallback                  0x080021d5   Thumb Code     2  stm32f4xx_hal_tim.o(i.HAL_TIM_TriggerCallback)
    HAL_UARTEx_RxEventCallback               0x080021d7   Thumb Code     2  stm32f4xx_hal_uart.o(i.HAL_UARTEx_RxEventCallback)
    HAL_UART_ErrorCallback                   0x080021d9   Thumb Code     2  stm32f4xx_hal_uart.o(i.HAL_UART_ErrorCallback)
    HAL_UART_IRQHandler                      0x080021dd   Thumb Code   522  stm32f4xx_hal_uart.o(i.HAL_UART_IRQHandler)
    HAL_UART_Init                            0x080023ed   Thumb Code    98  stm32f4xx_hal_uart.o(i.HAL_UART_Init)
    HAL_UART_MspInit                         0x08002451   Thumb Code   336  usart.o(i.HAL_UART_MspInit)
    HAL_UART_RxCpltCallback                  0x080025c1   Thumb Code   150  remote_control.o(i.HAL_UART_RxCpltCallback)
    HAL_UART_Transmit                        0x08002675   Thumb Code   178  stm32f4xx_hal_uart.o(i.HAL_UART_Transmit)
    HAL_UART_TxCpltCallback                  0x08002727   Thumb Code     2  stm32f4xx_hal_uart.o(i.HAL_UART_TxCpltCallback)
    HardFault_Handler                        0x08002729   Thumb Code     2  stm32f4xx_it.o(i.HardFault_Handler)
    MX_CAN1_Init                             0x0800272d   Thumb Code    64  can.o(i.MX_CAN1_Init)
    MX_CAN2_Init                             0x08002775   Thumb Code    52  can.o(i.MX_CAN2_Init)
    MX_DMA_Init                              0x080027b1   Thumb Code    88  dma.o(i.MX_DMA_Init)
    MX_FREERTOS_Init                         0x0800280d   Thumb Code    30  freertos.o(i.MX_FREERTOS_Init)
    MX_GPIO_Init                             0x08002835   Thumb Code   230  gpio.o(i.MX_GPIO_Init)
    MX_SPI5_Init                             0x0800292d   Thumb Code    64  spi.o(i.MX_SPI5_Init)
    MX_USART1_UART_Init                      0x08002975   Thumb Code    46  usart.o(i.MX_USART1_UART_Init)
    MX_USART2_UART_Init                      0x080029b1   Thumb Code    48  usart.o(i.MX_USART2_UART_Init)
    MemManage_Handler                        0x080029e9   Thumb Code     2  stm32f4xx_it.o(i.MemManage_Handler)
    NMI_Handler                              0x080029eb   Thumb Code     2  stm32f4xx_it.o(i.NMI_Handler)
    RC_Init                                  0x080029ed   Thumb Code    84  bsp_rc.o(i.RC_Init)
    StartDefaultTask                         0x08002b5d   Thumb Code    88  default_task.o(i.StartDefaultTask)
    SysTick_Handler                          0x08002bcd   Thumb Code    38  port.o(i.SysTick_Handler)
    SystemClock_Config                       0x08002bf9   Thumb Code   124  main.o(i.SystemClock_Config)
    SystemInit                               0x08002c7d   Thumb Code    22  system_stm32f4xx.o(i.SystemInit)
    TIM1_UP_TIM10_IRQHandler                 0x08002c99   Thumb Code     6  stm32f4xx_it.o(i.TIM1_UP_TIM10_IRQHandler)
    TIM_Base_SetConfig                       0x08002ca5   Thumb Code   156  stm32f4xx_hal_tim.o(i.TIM_Base_SetConfig)
    USART1_IRQHandler                        0x08002fcd   Thumb Code     6  stm32f4xx_it.o(i.USART1_IRQHandler)
    USART2_IRQHandler                        0x08002fd9   Thumb Code     6  stm32f4xx_it.o(i.USART2_IRQHandler)
    UsageFault_Handler                       0x08002fe5   Thumb Code     2  stm32f4xx_it.o(i.UsageFault_Handler)
    __0printf                                0x08002fe9   Thumb Code    22  printfa.o(i.__0printf)
    __1printf                                0x08002fe9   Thumb Code     0  printfa.o(i.__0printf)
    __2printf                                0x08002fe9   Thumb Code     0  printfa.o(i.__0printf)
    __c89printf                              0x08002fe9   Thumb Code     0  printfa.o(i.__0printf)
    printf                                   0x08002fe9   Thumb Code     0  printfa.o(i.__0printf)
    __scatterload_copy                       0x08003029   Thumb Code    14  handlers.o(i.__scatterload_copy)
    __scatterload_null                       0x08003037   Thumb Code     2  handlers.o(i.__scatterload_null)
    __scatterload_zeroinit                   0x08003039   Thumb Code    14  handlers.o(i.__scatterload_zeroinit)
    can_filter_init                          0x080038dd   Thumb Code    80  bsp_can.o(i.can_filter_init)
    delay_ms                                 0x08003935   Thumb Code    48  bsp_delay.o(i.delay_ms)
    delay_us                                 0x08003969   Thumb Code    48  bsp_delay.o(i.delay_us)
    fputc                                    0x0800399d   Thumb Code    20  main.o(i.fputc)
    main                                     0x080039b5   Thumb Code    58  main.o(i.main)
    mpu6500_GPIO_init                        0x080039fb   Thumb Code     2  mpu6500driver_middleware.o(i.mpu6500_GPIO_init)
    mpu6500_SPI_NS_H                         0x080039fd   Thumb Code    10  mpu6500driver_middleware.o(i.mpu6500_SPI_NS_H)
    mpu6500_SPI_NS_L                         0x08003a0d   Thumb Code    10  mpu6500driver_middleware.o(i.mpu6500_SPI_NS_L)
    mpu6500_com_init                         0x08003a3d   Thumb Code     2  mpu6500driver_middleware.o(i.mpu6500_com_init)
    mpu6500_init                             0x08003a41   Thumb Code   170  mpu6500driver.o(i.mpu6500_init)
    mpu6500_middleware_delay_ms              0x08003af1   Thumb Code     4  mpu6500driver_middleware.o(i.mpu6500_middleware_delay_ms)
    mpu6500_middleware_delay_us              0x08003af5   Thumb Code     6  mpu6500driver_middleware.o(i.mpu6500_middleware_delay_us)
    mpu6500_read_over                        0x08003afd   Thumb Code   272  mpu6500driver.o(i.mpu6500_read_over)
    mpu6500_read_single_reg                  0x08003c1d   Thumb Code    32  mpu6500driver_middleware.o(i.mpu6500_read_single_reg)
    mpu6500_write_single_reg                 0x08003c3d   Thumb Code    30  mpu6500driver_middleware.o(i.mpu6500_write_single_reg)
    osDelay                                  0x08003c5b   Thumb Code    14  cmsis_os.o(i.osDelay)
    osKernelStart                            0x08003c69   Thumb Code    10  cmsis_os.o(i.osKernelStart)
    osThreadCreate                           0x08003c73   Thumb Code    84  cmsis_os.o(i.osThreadCreate)
    pvPortMalloc                             0x08004015   Thumb Code   216  heap_4.o(i.pvPortMalloc)
    pxPortInitialiseStack                    0x080040f1   Thumb Code    40  port.o(i.pxPortInitialiseStack)
    remote_control_init                      0x0800411d   Thumb Code    12  remote_control.o(i.remote_control_init)
    usart2_tx_dma_init                       0x080041e1   Thumb Code    14  bsp_usart.o(i.usart2_tx_dma_init)
    uxListRemove                             0x080041f5   Thumb Code    38  list.o(i.uxListRemove)
    vApplicationGetIdleTaskMemory            0x0800421d   Thumb Code    16  freertos.o(i.vApplicationGetIdleTaskMemory)
    vListInitialise                          0x08004231   Thumb Code    22  list.o(i.vListInitialise)
    vListInitialiseItem                      0x08004247   Thumb Code     6  list.o(i.vListInitialiseItem)
    vListInsert                              0x0800424d   Thumb Code    48  list.o(i.vListInsert)
    vListInsertEnd                           0x0800427d   Thumb Code    24  list.o(i.vListInsertEnd)
    vPortEnterCritical                       0x08004295   Thumb Code    54  port.o(i.vPortEnterCritical)
    vPortExitCritical                        0x080042d5   Thumb Code    34  port.o(i.vPortExitCritical)
    vPortFree                                0x080042fd   Thumb Code    94  heap_4.o(i.vPortFree)
    vPortSetupTimerInterrupt                 0x08004361   Thumb Code    32  port.o(i.vPortSetupTimerInterrupt)
    vTaskDelay                               0x08004385   Thumb Code    66  tasks.o(i.vTaskDelay)
    vTaskStartScheduler                      0x080043d1   Thumb Code    90  tasks.o(i.vTaskStartScheduler)
    vTaskSuspendAll                          0x0800443d   Thumb Code    10  tasks.o(i.vTaskSuspendAll)
    vTaskSwitchContext                       0x0800444d   Thumb Code    82  tasks.o(i.vTaskSwitchContext)
    xPortStartScheduler                      0x080044a9   Thumb Code   222  port.o(i.xPortStartScheduler)
    xTaskCreate                              0x0800459d   Thumb Code    90  tasks.o(i.xTaskCreate)
    xTaskCreateStatic                        0x080045f7   Thumb Code    86  tasks.o(i.xTaskCreateStatic)
    xTaskIncrementTick                       0x0800464d   Thumb Code   194  tasks.o(i.xTaskIncrementTick)
    xTaskResumeAll                           0x08004719   Thumb Code   182  tasks.o(i.xTaskResumeAll)
    AHBPrescTable                            0x08004824   Data          16  system_stm32f4xx.o(.constdata)
    APBPrescTable                            0x08004834   Data           8  system_stm32f4xx.o(.constdata)
    Region$$Table$$Base                      0x08004850   Number         0  anon$$obj.o(Region$$Table)
    Region$$Table$$Limit                     0x08004870   Number         0  anon$$obj.o(Region$$Table)
    TestTaskHandle                           0x20000020   Data           4  freertos.o(.data)
    SystemCoreClock                          0x20000028   Data           4  system_stm32f4xx.o(.data)
    uwTickFreq                               0x2000002c   Data           1  stm32f4xx_hal.o(.data)
    uwTickPrio                               0x20000030   Data           4  stm32f4xx_hal.o(.data)
    uwTick                                   0x20000034   Data           4  stm32f4xx_hal.o(.data)
    pxCurrentTCB                             0x20000038   Data           4  tasks.o(.data)
    __stdout                                 0x200000a0   Data           4  stdout.o(.data)
    rc_ctrl                                  0x2000013c   Data          22  remote_control.o(.bss)
    hcan1                                    0x200003f0   Data          40  can.o(.bss)
    hcan2                                    0x20000418   Data          40  can.o(.bss)
    hspi5                                    0x20000440   Data          88  spi.o(.bss)
    huart1                                   0x20000498   Data          68  usart.o(.bss)
    huart2                                   0x200004dc   Data          68  usart.o(.bss)
    hdma_usart1_rx                           0x20000520   Data          96  usart.o(.bss)
    hdma_usart2_rx                           0x20000580   Data          96  usart.o(.bss)
    hdma_usart2_tx                           0x200005e0   Data          96  usart.o(.bss)
    htim1                                    0x20000640   Data          72  stm32f4xx_hal_timebase_tim.o(.bss)
    __initial_sp                             0x20004778   Data           0  startup_stm32f427xx.o(STACK)



==============================================================================

Memory Map of the image

  Image Entry point : 0x080001ad

  Load Region LR_IROM1 (Base: 0x08000000, Size: 0x00004914, Max: 0x00200000, ABSOLUTE)

    Execution Region ER_IROM1 (Base: 0x08000000, Size: 0x00004870, Max: 0x00200000, ABSOLUTE)

    Base Addr    Size         Type   Attr      Idx    E Section Name        Object

    0x08000000   0x000001ac   Data   RO            3    RESET               startup_stm32f427xx.o
    0x080001ac   0x00000000   Code   RO         6432  * .ARM.Collect$$$$00000000  mc_w.l(entry.o)
    0x080001ac   0x00000004   Code   RO         6764    .ARM.Collect$$$$00000001  mc_w.l(entry2.o)
    0x080001b0   0x00000004   Code   RO         6767    .ARM.Collect$$$$00000004  mc_w.l(entry5.o)
    0x080001b4   0x00000000   Code   RO         6769    .ARM.Collect$$$$00000008  mc_w.l(entry7b.o)
    0x080001b4   0x00000000   Code   RO         6771    .ARM.Collect$$$$0000000A  mc_w.l(entry8b.o)
    0x080001b4   0x00000008   Code   RO         6772    .ARM.Collect$$$$0000000B  mc_w.l(entry9a.o)
    0x080001bc   0x00000000   Code   RO         6774    .ARM.Collect$$$$0000000D  mc_w.l(entry10a.o)
    0x080001bc   0x00000000   Code   RO         6776    .ARM.Collect$$$$0000000F  mc_w.l(entry11a.o)
    0x080001bc   0x00000004   Code   RO         6765    .ARM.Collect$$$$00002712  mc_w.l(entry2.o)
    0x080001c0   0x000000be   Code   RO         6343    .emb_text           port.o
    0x0800027e   0x00000002   PAD
    0x08000280   0x00000024   Code   RO            4    .text               startup_stm32f427xx.o
    0x080002a4   0x00000062   Code   RO         6435    .text               mc_w.l(uldiv.o)
    0x08000306   0x00000024   Code   RO         6439    .text               mc_w.l(memcpya.o)
    0x0800032a   0x00000024   Code   RO         6443    .text               mc_w.l(memseta.o)
    0x0800034e   0x0000014e   Code   RO         6750    .text               mf_w.l(dadd.o)
    0x0800049c   0x000000e4   Code   RO         6752    .text               mf_w.l(dmul.o)
    0x08000580   0x00000026   Code   RO         6758    .text               mf_w.l(f2d.o)
    0x080005a6   0x00000002   PAD
    0x080005a8   0x00000030   Code   RO         6762    .text               mf_w.l(cdrcmple.o)
    0x080005d8   0x0000002c   Code   RO         6779    .text               mc_w.l(uidiv.o)
    0x08000604   0x0000001e   Code   RO         6781    .text               mc_w.l(llshl.o)
    0x08000622   0x00000020   Code   RO         6783    .text               mc_w.l(llushr.o)
    0x08000642   0x00000024   Code   RO         6785    .text               mc_w.l(llsshr.o)
    0x08000666   0x00000000   Code   RO         6795    .text               mc_w.l(iusefp.o)
    0x08000666   0x000000ba   Code   RO         6796    .text               mf_w.l(depilogue.o)
    0x08000720   0x000000de   Code   RO         6798    .text               mf_w.l(ddiv.o)
    0x080007fe   0x00000030   Code   RO         6802    .text               mf_w.l(dfixul.o)
    0x0800082e   0x00000002   PAD
    0x08000830   0x00000024   Code   RO         6806    .text               mc_w.l(init.o)
    0x08000854   0x00000002   Code   RO         1831    i.BusFault_Handler  stm32f4xx_it.o
    0x08000856   0x00000002   PAD
    0x08000858   0x0000000c   Code   RO         1832    i.CAN1_RX0_IRQHandler  stm32f4xx_it.o
    0x08000864   0x0000000c   Code   RO         1833    i.DMA1_Stream5_IRQHandler  stm32f4xx_it.o
    0x08000870   0x0000000c   Code   RO         1834    i.DMA1_Stream6_IRQHandler  stm32f4xx_it.o
    0x0800087c   0x0000000c   Code   RO         1835    i.DMA2_Stream2_IRQHandler  stm32f4xx_it.o
    0x08000888   0x00000028   Code   RO         2777    i.DMA_CalcBaseAndBitshift  stm32f4xx_hal_dma.o
    0x080008b0   0x00000054   Code   RO         2778    i.DMA_CheckFifoParam  stm32f4xx_hal_dma.o
    0x08000904   0x00000002   Code   RO         1836    i.DebugMon_Handler  stm32f4xx_it.o
    0x08000906   0x00000002   Code   RO         1511    i.Error_Handler     main.o
    0x08000908   0x00000024   Code   RO         2033    i.HAL_CAN_ActivateNotification  stm32f4xx_hal_can.o
    0x0800092c   0x0000010c   Code   RO         2035    i.HAL_CAN_ConfigFilter  stm32f4xx_hal_can.o
    0x08000a38   0x00000002   Code   RO         2038    i.HAL_CAN_ErrorCallback  stm32f4xx_hal_can.o
    0x08000a3a   0x000000e8   Code   RO         2041    i.HAL_CAN_GetRxMessage  stm32f4xx_hal_can.o
    0x08000b22   0x000001fc   Code   RO         2045    i.HAL_CAN_IRQHandler  stm32f4xx_hal_can.o
    0x08000d1e   0x0000011a   Code   RO         2046    i.HAL_CAN_Init      stm32f4xx_hal_can.o
    0x08000e38   0x000000f0   Code   RO         1669    i.HAL_CAN_MspInit   can.o
    0x08000f28   0x00000002   Code   RO         2053    i.HAL_CAN_RxFifo0FullCallback  stm32f4xx_hal_can.o
    0x08000f2a   0x00000002   PAD
    0x08000f2c   0x0000005c   Code   RO         1022    i.HAL_CAN_RxFifo0MsgPendingCallback  can_receive.o
    0x08000f88   0x00000002   Code   RO         2055    i.HAL_CAN_RxFifo1FullCallback  stm32f4xx_hal_can.o
    0x08000f8a   0x00000002   Code   RO         2056    i.HAL_CAN_RxFifo1MsgPendingCallback  stm32f4xx_hal_can.o
    0x08000f8c   0x00000002   Code   RO         2057    i.HAL_CAN_SleepCallback  stm32f4xx_hal_can.o
    0x08000f8e   0x00000002   PAD
    0x08000f90   0x00000058   Code   RO         2058    i.HAL_CAN_Start     stm32f4xx_hal_can.o
    0x08000fe8   0x00000002   Code   RO         2060    i.HAL_CAN_TxMailbox0AbortCallback  stm32f4xx_hal_can.o
    0x08000fea   0x00000002   Code   RO         2061    i.HAL_CAN_TxMailbox0CompleteCallback  stm32f4xx_hal_can.o
    0x08000fec   0x00000002   Code   RO         2062    i.HAL_CAN_TxMailbox1AbortCallback  stm32f4xx_hal_can.o
    0x08000fee   0x00000002   Code   RO         2063    i.HAL_CAN_TxMailbox1CompleteCallback  stm32f4xx_hal_can.o
    0x08000ff0   0x00000002   Code   RO         2064    i.HAL_CAN_TxMailbox2AbortCallback  stm32f4xx_hal_can.o
    0x08000ff2   0x00000002   Code   RO         2065    i.HAL_CAN_TxMailbox2CompleteCallback  stm32f4xx_hal_can.o
    0x08000ff4   0x00000002   Code   RO         2067    i.HAL_CAN_WakeUpFromRxMsgCallback  stm32f4xx_hal_can.o
    0x08000ff6   0x0000008e   Code   RO         2780    i.HAL_DMA_Abort     stm32f4xx_hal_dma.o
    0x08001084   0x00000024   Code   RO         2781    i.HAL_DMA_Abort_IT  stm32f4xx_hal_dma.o
    0x080010a8   0x000001a0   Code   RO         2785    i.HAL_DMA_IRQHandler  stm32f4xx_hal_dma.o
    0x08001248   0x000000d4   Code   RO         2786    i.HAL_DMA_Init      stm32f4xx_hal_dma.o
    0x0800131c   0x00000230   Code   RO         2673    i.HAL_GPIO_Init     stm32f4xx_hal_gpio.o
    0x0800154c   0x00000010   Code   RO         2676    i.HAL_GPIO_TogglePin  stm32f4xx_hal_gpio.o
    0x0800155c   0x0000000a   Code   RO         2677    i.HAL_GPIO_WritePin  stm32f4xx_hal_gpio.o
    0x08001566   0x00000002   PAD
    0x08001568   0x0000000c   Code   RO         3225    i.HAL_GetTick       stm32f4xx_hal.o
    0x08001574   0x00000010   Code   RO         3231    i.HAL_IncTick       stm32f4xx_hal.o
    0x08001584   0x00000034   Code   RO         3232    i.HAL_Init          stm32f4xx_hal.o
    0x080015b8   0x00000074   Code   RO         1955    i.HAL_InitTick      stm32f4xx_hal_timebase_tim.o
    0x0800162c   0x00000038   Code   RO         1931    i.HAL_MspInit       stm32f4xx_hal_msp.o
    0x08001664   0x0000001a   Code   RO         3080    i.HAL_NVIC_EnableIRQ  stm32f4xx_hal_cortex.o
    0x0800167e   0x00000002   PAD
    0x08001680   0x00000040   Code   RO         3086    i.HAL_NVIC_SetPriority  stm32f4xx_hal_cortex.o
    0x080016c0   0x00000024   Code   RO         3087    i.HAL_NVIC_SetPriorityGrouping  stm32f4xx_hal_cortex.o
    0x080016e4   0x00000134   Code   RO         2267    i.HAL_RCC_ClockConfig  stm32f4xx_hal_rcc.o
    0x08001818   0x00000040   Code   RO         2271    i.HAL_RCC_GetClockConfig  stm32f4xx_hal_rcc.o
    0x08001858   0x00000020   Code   RO         2274    i.HAL_RCC_GetPCLK1Freq  stm32f4xx_hal_rcc.o
    0x08001878   0x00000020   Code   RO         2275    i.HAL_RCC_GetPCLK2Freq  stm32f4xx_hal_rcc.o
    0x08001898   0x00000064   Code   RO         2276    i.HAL_RCC_GetSysClockFreq  stm32f4xx_hal_rcc.o
    0x080018fc   0x0000036c   Code   RO         2279    i.HAL_RCC_OscConfig  stm32f4xx_hal_rcc.o
    0x08001c68   0x000000bc   Code   RO         3491    i.HAL_SPI_Init      stm32f4xx_hal_spi.o
    0x08001d24   0x0000006c   Code   RO         1742    i.HAL_SPI_MspInit   spi.o
    0x08001d90   0x000001e2   Code   RO         3500    i.HAL_SPI_TransmitReceive  stm32f4xx_hal_spi.o
    0x08001f72   0x00000002   Code   RO         4508    i.HAL_TIMEx_BreakCallback  stm32f4xx_hal_tim_ex.o
    0x08001f74   0x00000002   Code   RO         4509    i.HAL_TIMEx_CommutCallback  stm32f4xx_hal_tim_ex.o
    0x08001f76   0x0000005a   Code   RO         3804    i.HAL_TIM_Base_Init  stm32f4xx_hal_tim.o
    0x08001fd0   0x00000002   Code   RO         3806    i.HAL_TIM_Base_MspInit  stm32f4xx_hal_tim.o
    0x08001fd2   0x00000002   PAD
    0x08001fd4   0x00000080   Code   RO         3809    i.HAL_TIM_Base_Start_IT  stm32f4xx_hal_tim.o
    0x08002054   0x00000002   Code   RO         3838    i.HAL_TIM_IC_CaptureCallback  stm32f4xx_hal_tim.o
    0x08002056   0x00000166   Code   RO         3852    i.HAL_TIM_IRQHandler  stm32f4xx_hal_tim.o
    0x080021bc   0x00000002   Code   RO         3855    i.HAL_TIM_OC_DelayElapsedCallback  stm32f4xx_hal_tim.o
    0x080021be   0x00000002   Code   RO         3882    i.HAL_TIM_PWM_PulseFinishedCallback  stm32f4xx_hal_tim.o
    0x080021c0   0x00000014   Code   RO         1512    i.HAL_TIM_PeriodElapsedCallback  main.o
    0x080021d4   0x00000002   Code   RO         3895    i.HAL_TIM_TriggerCallback  stm32f4xx_hal_tim.o
    0x080021d6   0x00000002   Code   RO         4786    i.HAL_UARTEx_RxEventCallback  stm32f4xx_hal_uart.o
    0x080021d8   0x00000002   Code   RO         4800    i.HAL_UART_ErrorCallback  stm32f4xx_hal_uart.o
    0x080021da   0x00000002   PAD
    0x080021dc   0x00000210   Code   RO         4803    i.HAL_UART_IRQHandler  stm32f4xx_hal_uart.o
    0x080023ec   0x00000062   Code   RO         4804    i.HAL_UART_Init     stm32f4xx_hal_uart.o
    0x0800244e   0x00000002   PAD
    0x08002450   0x00000170   Code   RO         1784    i.HAL_UART_MspInit  usart.o
    0x080025c0   0x000000b4   Code   RO         1100    i.HAL_UART_RxCpltCallback  remote_control.o
    0x08002674   0x000000b2   Code   RO         4812    i.HAL_UART_Transmit  stm32f4xx_hal_uart.o
    0x08002726   0x00000002   Code   RO         4815    i.HAL_UART_TxCpltCallback  stm32f4xx_hal_uart.o
    0x08002728   0x00000002   Code   RO         1837    i.HardFault_Handler  stm32f4xx_it.o
    0x0800272a   0x00000002   PAD
    0x0800272c   0x00000048   Code   RO         1670    i.MX_CAN1_Init      can.o
    0x08002774   0x0000003c   Code   RO         1671    i.MX_CAN2_Init      can.o
    0x080027b0   0x0000005c   Code   RO         1717    i.MX_DMA_Init       dma.o
    0x0800280c   0x00000028   Code   RO         1622    i.MX_FREERTOS_Init  freertos.o
    0x08002834   0x000000f8   Code   RO         1598    i.MX_GPIO_Init      gpio.o
    0x0800292c   0x00000048   Code   RO         1743    i.MX_SPI5_Init      spi.o
    0x08002974   0x0000003c   Code   RO         1785    i.MX_USART1_UART_Init  usart.o
    0x080029b0   0x00000038   Code   RO         1786    i.MX_USART2_UART_Init  usart.o
    0x080029e8   0x00000002   Code   RO         1838    i.MemManage_Handler  stm32f4xx_it.o
    0x080029ea   0x00000002   Code   RO         1839    i.NMI_Handler       stm32f4xx_it.o
    0x080029ec   0x00000060   Code   RO          799    i.RC_Init           bsp_rc.o
    0x08002a4c   0x00000058   Code   RO         3529    i.SPI_EndRxTxTransaction  stm32f4xx_hal_spi.o
    0x08002aa4   0x000000b8   Code   RO         3534    i.SPI_WaitFlagStateUntilTimeout  stm32f4xx_hal_spi.o
    0x08002b5c   0x00000070   Code   RO          932    i.StartDefaultTask  default_task.o
    0x08002bcc   0x0000002c   Code   RO         6344    i.SysTick_Handler   port.o
    0x08002bf8   0x00000084   Code   RO         1513    i.SystemClock_Config  main.o
    0x08002c7c   0x0000001c   Code   RO         1995    i.SystemInit        system_stm32f4xx.o
    0x08002c98   0x0000000c   Code   RO         1840    i.TIM1_UP_TIM10_IRQHandler  stm32f4xx_it.o
    0x08002ca4   0x000000c8   Code   RO         3897    i.TIM_Base_SetConfig  stm32f4xx_hal_tim.o
    0x08002d6c   0x00000010   Code   RO         4817    i.UART_DMAAbortOnError  stm32f4xx_hal_uart.o
    0x08002d7c   0x00000030   Code   RO         4827    i.UART_EndRxTransfer  stm32f4xx_hal_uart.o
    0x08002dac   0x000000ae   Code   RO         4829    i.UART_Receive_IT   stm32f4xx_hal_uart.o
    0x08002e5a   0x00000002   PAD
    0x08002e5c   0x0000010c   Code   RO         4830    i.UART_SetConfig    stm32f4xx_hal_uart.o
    0x08002f68   0x00000064   Code   RO         4833    i.UART_WaitOnFlagUntilTimeout  stm32f4xx_hal_uart.o
    0x08002fcc   0x0000000c   Code   RO         1841    i.USART1_IRQHandler  stm32f4xx_it.o
    0x08002fd8   0x0000000c   Code   RO         1842    i.USART2_IRQHandler  stm32f4xx_it.o
    0x08002fe4   0x00000002   Code   RO         1843    i.UsageFault_Handler  stm32f4xx_it.o
    0x08002fe6   0x00000002   PAD
    0x08002fe8   0x00000020   Code   RO         6688    i.__0printf         mc_w.l(printfa.o)
    0x08003008   0x00000020   Code   RO         3093    i.__NVIC_SetPriority  stm32f4xx_hal_cortex.o
    0x08003028   0x0000000e   Code   RO         6819    i.__scatterload_copy  mc_w.l(handlers.o)
    0x08003036   0x00000002   Code   RO         6820    i.__scatterload_null  mc_w.l(handlers.o)
    0x08003038   0x0000000e   Code   RO         6821    i.__scatterload_zeroinit  mc_w.l(handlers.o)
    0x08003046   0x00000002   PAD
    0x08003048   0x00000164   Code   RO         6695    i._fp_digits        mc_w.l(printfa.o)
    0x080031ac   0x000006dc   Code   RO         6696    i._printf_core      mc_w.l(printfa.o)
    0x08003888   0x00000024   Code   RO         6697    i._printf_post_padding  mc_w.l(printfa.o)
    0x080038ac   0x0000002e   Code   RO         6698    i._printf_pre_padding  mc_w.l(printfa.o)
    0x080038da   0x00000002   PAD
    0x080038dc   0x00000058   Code   RO           13    i.can_filter_init   bsp_can.o
    0x08003934   0x00000034   Code   RO          892    i.delay_ms          bsp_delay.o
    0x08003968   0x00000034   Code   RO          893    i.delay_us          bsp_delay.o
    0x0800399c   0x00000018   Code   RO         1514    i.fputc             main.o
    0x080039b4   0x0000003a   Code   RO         1515    i.main              main.o
    0x080039ee   0x0000000c   Code   RO         5909    i.makeFreeRtosPriority  cmsis_os.o
    0x080039fa   0x00000002   Code   RO         1149    i.mpu6500_GPIO_init  mpu6500driver_middleware.o
    0x080039fc   0x00000010   Code   RO         1150    i.mpu6500_SPI_NS_H  mpu6500driver_middleware.o
    0x08003a0c   0x00000010   Code   RO         1151    i.mpu6500_SPI_NS_L  mpu6500driver_middleware.o
    0x08003a1c   0x00000020   Code   RO         1152    i.mpu6500_SPI_read_write_byte  mpu6500driver_middleware.o
    0x08003a3c   0x00000002   Code   RO         1153    i.mpu6500_com_init  mpu6500driver_middleware.o
    0x08003a3e   0x00000002   PAD
    0x08003a40   0x000000b0   Code   RO         1305    i.mpu6500_init      mpu6500driver.o
    0x08003af0   0x00000004   Code   RO         1154    i.mpu6500_middleware_delay_ms  mpu6500driver_middleware.o
    0x08003af4   0x00000006   Code   RO         1155    i.mpu6500_middleware_delay_us  mpu6500driver_middleware.o
    0x08003afa   0x00000002   PAD
    0x08003afc   0x00000120   Code   RO         1308    i.mpu6500_read_over  mpu6500driver.o
    0x08003c1c   0x00000020   Code   RO         1157    i.mpu6500_read_single_reg  mpu6500driver_middleware.o
    0x08003c3c   0x0000001e   Code   RO         1159    i.mpu6500_write_single_reg  mpu6500driver_middleware.o
    0x08003c5a   0x0000000e   Code   RO         5911    i.osDelay           cmsis_os.o
    0x08003c68   0x0000000a   Code   RO         5914    i.osKernelStart     cmsis_os.o
    0x08003c72   0x00000054   Code   RO         5948    i.osThreadCreate    cmsis_os.o
    0x08003cc6   0x00000002   PAD
    0x08003cc8   0x00000070   Code   RO         5591    i.prvAddCurrentTaskToDelayedList  tasks.o
    0x08003d38   0x000000d0   Code   RO         5592    i.prvAddNewTaskToReadyList  tasks.o
    0x08003e08   0x00000034   Code   RO         5593    i.prvDeleteTCB      tasks.o
    0x08003e3c   0x0000004c   Code   RO         6276    i.prvHeapInit       heap_4.o
    0x08003e88   0x00000060   Code   RO         5594    i.prvIdleTask       tasks.o
    0x08003ee8   0x00000098   Code   RO         5595    i.prvInitialiseNewTask  tasks.o
    0x08003f80   0x0000004c   Code   RO         6277    i.prvInsertBlockIntoFreeList  heap_4.o
    0x08003fcc   0x00000020   Code   RO         5596    i.prvResetNextTaskUnblockTime  tasks.o
    0x08003fec   0x00000028   Code   RO         6345    i.prvTaskExitError  port.o
    0x08004014   0x000000dc   Code   RO         6278    i.pvPortMalloc      heap_4.o
    0x080040f0   0x0000002c   Code   RO         6346    i.pxPortInitialiseStack  port.o
    0x0800411c   0x00000010   Code   RO         1102    i.remote_control_init  remote_control.o
    0x0800412c   0x000000b4   Code   RO         1103    i.sbus_to_rc        remote_control.o
    0x080041e0   0x00000014   Code   RO          840    i.usart2_tx_dma_init  bsp_usart.o
    0x080041f4   0x00000026   Code   RO         5233    i.uxListRemove      list.o
    0x0800421a   0x00000002   PAD
    0x0800421c   0x00000014   Code   RO         1624    i.vApplicationGetIdleTaskMemory  freertos.o
    0x08004230   0x00000016   Code   RO         5234    i.vListInitialise   list.o
    0x08004246   0x00000006   Code   RO         5235    i.vListInitialiseItem  list.o
    0x0800424c   0x00000030   Code   RO         5236    i.vListInsert       list.o
    0x0800427c   0x00000018   Code   RO         5237    i.vListInsertEnd    list.o
    0x08004294   0x00000040   Code   RO         6348    i.vPortEnterCritical  port.o
    0x080042d4   0x00000028   Code   RO         6349    i.vPortExitCritical  port.o
    0x080042fc   0x00000064   Code   RO         6279    i.vPortFree         heap_4.o
    0x08004360   0x00000024   Code   RO         6350    i.vPortSetupTimerInterrupt  port.o
    0x08004384   0x0000004c   Code   RO         5605    i.vTaskDelay        tasks.o
    0x080043d0   0x0000006c   Code   RO         5618    i.vTaskStartScheduler  tasks.o
    0x0800443c   0x00000010   Code   RO         5620    i.vTaskSuspendAll   tasks.o
    0x0800444c   0x0000005c   Code   RO         5621    i.vTaskSwitchContext  tasks.o
    0x080044a8   0x000000f4   Code   RO         6352    i.xPortStartScheduler  port.o
    0x0800459c   0x0000005a   Code   RO         5624    i.xTaskCreate       tasks.o
    0x080045f6   0x00000056   Code   RO         5625    i.xTaskCreateStatic  tasks.o
    0x0800464c   0x000000cc   Code   RO         5632    i.xTaskIncrementTick  tasks.o
    0x08004718   0x000000c4   Code   RO         5638    i.xTaskResumeAll    tasks.o
    0x080047dc   0x0000002a   Data   RO         1310    .constdata          mpu6500driver.o
    0x08004806   0x00000002   PAD
    0x08004808   0x0000001c   Data   RO         1626    .constdata          freertos.o
    0x08004824   0x00000010   Data   RO         1996    .constdata          system_stm32f4xx.o
    0x08004834   0x00000008   Data   RO         1997    .constdata          system_stm32f4xx.o
    0x0800483c   0x00000008   Data   RO         2792    .constdata          stm32f4xx_hal_dma.o
    0x08004844   0x00000009   Data   RO         1627    .conststring        freertos.o
    0x0800484d   0x00000003   PAD
    0x08004850   0x00000020   Data   RO         6817    Region$$Table       anon$$obj.o


    Execution Region RW_IRAM1 (Base: 0x20000000, Size: 0x00004778, Max: 0x00030000, ABSOLUTE)

    Base Addr    Size         Type   Attr      Idx    E Section Name        Object

    0x20000000   0x00000008   Data   RW          894    .data               bsp_delay.o
    0x20000008   0x00000011   Data   RW         1028    .data               can_receive.o
    0x20000019   0x00000001   PAD
    0x2000001a   0x00000002   Data   RW         1105    .data               remote_control.o
    0x2000001c   0x00000001   Data   RW         1311    .data               mpu6500driver.o
    0x2000001d   0x00000003   PAD
    0x20000020   0x00000004   Data   RW         1628    .data               freertos.o
    0x20000024   0x00000004   Data   RW         1673    .data               can.o
    0x20000028   0x00000004   Data   RW         1998    .data               system_stm32f4xx.o
    0x2000002c   0x0000000c   Data   RW         3239    .data               stm32f4xx_hal.o
    0x20000038   0x0000003c   Data   RW         5641    .data               tasks.o
    0x20000074   0x00000020   Data   RW         6285    .data               heap_4.o
    0x20000094   0x0000000c   Data   RW         6353    .data               port.o
    0x200000a0   0x00000004   Data   RW         6778    .data               mc_w.l(stdout.o)
    0x200000a4   0x00000020   Zero   RW          934    .bss                default_task.o
    0x200000c4   0x00000078   Zero   RW         1027    .bss                can_receive.o
    0x2000013c   0x0000005e   Zero   RW         1104    .bss                remote_control.o
    0x2000019a   0x00000002   PAD
    0x2000019c   0x00000254   Zero   RW         1625    .bss                freertos.o
    0x200003f0   0x00000050   Zero   RW         1672    .bss                can.o
    0x20000440   0x00000058   Zero   RW         1744    .bss                spi.o
    0x20000498   0x000001a8   Zero   RW         1787    .bss                usart.o
    0x20000640   0x00000048   Zero   RW         1958    .bss                stm32f4xx_hal_timebase_tim.o
    0x20000688   0x000000f0   Zero   RW         5640    .bss                tasks.o
    0x20000778   0x00003c00   Zero   RW         6284    .bss                heap_4.o
    0x20004378   0x00000400   Zero   RW            1    STACK               startup_stm32f427xx.o


==============================================================================

Image component sizes


      Code (inc. data)   RO Data    RW Data    ZI Data      Debug   Object Name

        88          8          0          0          0     638414   bsp_can.o
       104          8          0          8          0       1370   bsp_delay.o
        96         12          0          0          0        926   bsp_rc.o
        20          6          0          0          0        465   bsp_usart.o
       372         40          0          4         80       2390   can.o
        92         10          0         17        120       1822   can_receive.o
         0          0          0          0          0      13896   cjson.o
       120          0          0          0          0      23045   cmsis_os.o
       112         24          0          0         32       7219   default_task.o
        92          4          0          0          0        790   dma.o
         0          0          0          0          0      16848   event_groups.o
        60         14         37          4        596       1808   freertos.o
       248         18          0          0          0        995   gpio.o
       472         24          0         32      15360       7111   heap_4.o
       138          0          0          0          0       3298   list.o
       236         18          0          0          0      21168   main.o
       464         22         42          1          0       3507   mpu6500driver.o
       140         16          0          0          0     754460   mpu6500driver_middleware.o
       702         72          0         12          0      10860   port.o
       376         34          0          2         94       4074   remote_control.o
       180         22          0          0         88       1589   spi.o
        36          8        428          0       1024        828   startup_stm32f427xx.o
        80         14          0         12          0       8174   stm32f4xx_hal.o
      1438          6          0          0          0      12292   stm32f4xx_hal_can.o
       158         14          0          0          0      32782   stm32f4xx_hal_cortex.o
       930         16          8          0          0       5071   stm32f4xx_hal_dma.o
       586         52          0          0          0       2569   stm32f4xx_hal_gpio.o
        56          4          0          0          0        822   stm32f4xx_hal_msp.o
      1412         86          0          0          0       5569   stm32f4xx_hal_rcc.o
       942         12          0          0          0       3965   stm32f4xx_hal_spi.o
       786         72          0          0          0       7112   stm32f4xx_hal_tim.o
         4          0          0          0          0       1573   stm32f4xx_hal_tim_ex.o
       116         18          0          0         72       1347   stm32f4xx_hal_timebase_tim.o
      1416         16          0          0          0       8418   stm32f4xx_hal_uart.o
        96         42          0          0          0       5888   stm32f4xx_it.o
        28          6         24          4          0       1107   system_stm32f4xx.o
      1520        112          0         60        240      18346   tasks.o
       484         54          0          0        424       2552   usart.o

    ----------------------------------------------------------------------
     14232        884        576        160      18132    1634470   Object Totals
         0          0         32          0          0          0   (incl. Generated)
        32          0          5          4          2          0   (incl. Padding)

    ----------------------------------------------------------------------

      Code (inc. data)   RO Data    RW Data    ZI Data      Debug   Library Member Name

         0          0          0          0          0          0   entry.o
         0          0          0          0          0          0   entry10a.o
         0          0          0          0          0          0   entry11a.o
         8          4          0          0          0          0   entry2.o
         4          0          0          0          0          0   entry5.o
         0          0          0          0          0          0   entry7b.o
         0          0          0          0          0          0   entry8b.o
         8          4          0          0          0          0   entry9a.o
        30          0          0          0          0          0   handlers.o
        36          8          0          0          0         68   init.o
         0          0          0          0          0          0   iusefp.o
        30          0          0          0          0         68   llshl.o
        36          0          0          0          0         68   llsshr.o
        32          0          0          0          0         68   llushr.o
        36          0          0          0          0         68   memcpya.o
        36          0          0          0          0        108   memseta.o
      2226         90          0          0          0        444   printfa.o
         0          0          0          4          0          0   stdout.o
        44          0          0          0          0         80   uidiv.o
        98          0          0          0          0         92   uldiv.o
        48          0          0          0          0         68   cdrcmple.o
       334          0          0          0          0        148   dadd.o
       222          0          0          0          0        100   ddiv.o
       186          0          0          0          0        176   depilogue.o
        48          0          0          0          0         68   dfixul.o
       228          0          0          0          0         96   dmul.o
        38          0          0          0          0         68   f2d.o

    ----------------------------------------------------------------------
      3736        106          0          4          0       1788   Library Totals
         8          0          0          0          0          0   (incl. Padding)

    ----------------------------------------------------------------------

      Code (inc. data)   RO Data    RW Data    ZI Data      Debug   Library Name

      2624        106          0          4          0       1064   mc_w.l
      1104          0          0          0          0        724   mf_w.l

    ----------------------------------------------------------------------
      3736        106          0          4          0       1788   Library Totals

    ----------------------------------------------------------------------

==============================================================================


      Code (inc. data)   RO Data    RW Data    ZI Data      Debug   

     17968        990        576        164      18132    1620778   Grand Totals
     17968        990        576        164      18132    1620778   ELF Image Totals
     17968        990        576        164          0          0   ROM Totals

==============================================================================

    Total RO  Size (Code + RO Data)                18544 (  18.11kB)
    Total RW  Size (RW Data + ZI Data)             18296 (  17.87kB)
    Total ROM Size (Code + RO Data + RW Data)      18708 (  18.27kB)

==============================================================================

